----------------------------------------------------------------
Mon May 11 17:03:49 EEST 2026:
Booting Derby version The Apache Software Foundation - Apache Derby - 10.16.1.1 - (1901046): instance a816c00e-019e-1759-e9ad-0000023424c0 
on database directory C:\Users\formg\Downloads\DSA-SparkSQL-Service-v2026.2\DSA-SparkSQL-Service\metastore_db with class loader jdk.internal.loader.ClassLoaders$AppClassLoader@60e53b93 
Loaded from file:/C:/Users/formg/.m2/repository/org/apache/derby/derby/10.16.1.1/derby-10.16.1.1.jar
java.vendor=Microsoft
java.runtime.version=17.0.19+10-LTS
user.dir=C:\Users\formg\Downloads\DSA-SparkSQL-Service-v2026.2\DSA-SparkSQL-Service
os.name=Windows 11
os.arch=amd64
os.version=10.0
derby.system.home=null
Database Class Loader started - derby.database.classpath=''
----------------------------------------------------------------
Mon May 11 17:08:22 EEST 2026:
Booting Derby version The Apache Software Foundation - Apache Derby - 10.16.1.1 - (1901046): instance d4328a7c-019e-1759-e9ad-0000023424c0 
on database directory memory:C:\Users\formg\Downloads\DSA-SparkSQL-Service-v2026.2\DSA-SparkSQL-Service with class loader jdk.internal.loader.ClassLoaders$AppClassLoader@60e53b93 
Loaded from file:/C:/Users/formg/.m2/repository/org/apache/derby/derby/10.16.1.1/derby-10.16.1.1.jar
java.vendor=Microsoft
java.runtime.version=17.0.19+10-LTS
user.dir=C:\Users\formg\Downloads\DSA-SparkSQL-Service-v2026.2\DSA-SparkSQL-Service
os.name=Windows 11
os.arch=amd64
os.version=10.0
derby.system.home=null
Database Class Loader started - derby.database.classpath=''
Mon May 11 18:26:04 EEST 2026 Thread[HiveServer2-Handler-Pool: Thread-133,5,main] (XID = 2596), (SESSIONID = 55), (DATABASE = memory:), (DRDAID = null), Cleanup action starting
Mon May 11 18:26:04 EEST 2026 Thread[HiveServer2-Handler-Pool: Thread-133,5,main] (XID = 2596), (SESSIONID = 55), (DATABASE = memory:), (DRDAID = null), Failed Statement is: SELECT 'org.apache.hadoop.hive.metastore.model.MDatabase' AS NUCLEUS_TYPE,A0."DESC",A0.DB_LOCATION_URI,A0."NAME",A0.OWNER_NAME,A0.OWNER_TYPE,A0.DB_ID FROM DBS A0 WHERE A0."NAME" = ''
ERROR 08000: Connection closed by unknown interrupt.
	at org.apache.derby.shared.common.error.StandardException.newException(StandardException.java:299)
	at org.apache.derby.shared.common.error.StandardException.newException(StandardException.java:294)
	at org.apache.derby.iapi.util.InterruptStatus.setInterrupted(InterruptStatus.java:95)
	at org.apache.derby.iapi.util.InterruptStatus.throwIf(InterruptStatus.java:291)
	at org.apache.derby.impl.sql.execute.BasicNoPutResultSetImpl.checkCancellationFlag(BasicNoPutResultSetImpl.java:1022)
	at org.apache.derby.impl.sql.execute.TableScanResultSet.getNextRowCore(TableScanResultSet.java:464)
	at org.apache.derby.impl.sql.execute.IndexRowToBaseRowResultSet.getNextRowCore(IndexRowToBaseRowResultSet.java:346)
	at org.apache.derby.impl.sql.execute.ProjectRestrictResultSet.getNextRowCore(ProjectRestrictResultSet.java:287)
	at org.apache.derby.impl.sql.execute.BasicNoPutResultSetImpl.getNextRow(BasicNoPutResultSetImpl.java:486)
	at org.apache.derby.impl.jdbc.EmbedResultSet.movePosition(EmbedResultSet.java:447)
	at org.apache.derby.impl.jdbc.EmbedResultSet.next(EmbedResultSet.java:391)
	at org.apache.commons.dbcp.DelegatingResultSet.next(DelegatingResultSet.java:207)
	at org.apache.commons.dbcp.DelegatingResultSet.next(DelegatingResultSet.java:207)
	at org.datanucleus.store.rdbms.query.ForwardQueryResult.initialise(ForwardQueryResult.java:99)
	at org.datanucleus.store.rdbms.query.JDOQLQuery.performExecute(JDOQLQuery.java:703)
	at org.datanucleus.store.query.Query.executeQuery(Query.java:1855)
	at org.datanucleus.store.query.Query.executeWithArray(Query.java:1744)
	at org.datanucleus.store.query.Query.execute(Query.java:1726)
	at org.datanucleus.api.jdo.JDOQuery.executeInternal(JDOQuery.java:374)
	at org.datanucleus.api.jdo.JDOQuery.execute(JDOQuery.java:216)
	at org.apache.hadoop.hive.metastore.MetaStoreDirectSql.ensureDbInit(MetaStoreDirectSql.java:181)
	at org.apache.hadoop.hive.metastore.MetaStoreDirectSql.<init>(MetaStoreDirectSql.java:144)
	at org.apache.hadoop.hive.metastore.ObjectStore.initializeHelper(ObjectStore.java:411)
	at org.apache.hadoop.hive.metastore.ObjectStore.initialize(ObjectStore.java:343)
	at org.apache.hadoop.hive.metastore.ObjectStore.setConf(ObjectStore.java:304)
	at jdk.internal.reflect.GeneratedMethodAccessor231.invoke(Unknown Source)
	at java.base/jdk.internal.reflect.DelegatingMethodAccessorImpl.invoke(DelegatingMethodAccessorImpl.java:43)
	at java.base/java.lang.reflect.Method.invoke(Method.java:569)
	at org.apache.hadoop.hive.metastore.RawStoreProxy.invoke(RawStoreProxy.java:101)
	at jdk.proxy2/jdk.proxy2.$Proxy82.setConf(Unknown Source)
	at org.apache.hadoop.hive.metastore.HiveMetaStore$HMSHandler.setConf(HiveMetaStore.java:522)
	at org.apache.hadoop.hive.metastore.RetryingHMSHandler.<init>(RetryingHMSHandler.java:68)
	at org.apache.hadoop.hive.metastore.RetryingHMSHandler.getProxy(RetryingHMSHandler.java:92)
	at org.apache.hadoop.hive.metastore.HiveMetaStore.newRetryingHMSHandler(HiveMetaStore.java:6903)
	at org.apache.hadoop.hive.metastore.HiveMetaStoreClient.<init>(HiveMetaStoreClient.java:163)
	at org.apache.hadoop.hive.ql.metadata.SessionHiveMetaStoreClient.<init>(SessionHiveMetaStoreClient.java:70)
	at jdk.internal.reflect.GeneratedConstructorAccessor374.newInstance(Unknown Source)
	at java.base/jdk.internal.reflect.DelegatingConstructorAccessorImpl.newInstance(DelegatingConstructorAccessorImpl.java:45)
	at java.base/java.lang.reflect.Constructor.newInstanceWithCaller(Constructor.java:500)
	at java.base/java.lang.reflect.Constructor.newInstance(Constructor.java:481)
	at org.apache.hadoop.hive.metastore.MetaStoreUtils.newInstance(MetaStoreUtils.java:1740)
	at org.apache.hadoop.hive.metastore.RetryingMetaStoreClient.<init>(RetryingMetaStoreClient.java:83)
	at org.apache.hadoop.hive.metastore.RetryingMetaStoreClient.getProxy(RetryingMetaStoreClient.java:133)
	at org.apache.hadoop.hive.metastore.RetryingMetaStoreClient.getProxy(RetryingMetaStoreClient.java:104)
	at org.apache.hadoop.hive.ql.metadata.Hive.createMetaStoreClient(Hive.java:3607)
	at org.apache.hadoop.hive.ql.metadata.Hive.getMSC(Hive.java:3659)
	at org.apache.hadoop.hive.ql.metadata.Hive.getMSC(Hive.java:3639)
	at org.apache.hadoop.hive.ql.session.SessionState.unCacheDataNucleusClassLoaders(SessionState.java:1597)
	at org.apache.hadoop.hive.ql.session.SessionState.close(SessionState.java:1586)
	at org.apache.hive.service.cli.session.HiveSessionImpl.close(HiveSessionImpl.java:680)
	at org.apache.hive.service.cli.session.HiveSessionImplwithUGI.close(HiveSessionImplwithUGI.java:87)
	at jdk.internal.reflect.GeneratedMethodAccessor230.invoke(Unknown Source)
	at java.base/jdk.internal.reflect.DelegatingMethodAccessorImpl.invoke(DelegatingMethodAccessorImpl.java:43)
	at java.base/java.lang.reflect.Method.invoke(Method.java:569)
	at org.apache.hive.service.cli.session.HiveSessionProxy.invoke(HiveSessionProxy.java:71)
	at org.apache.hive.service.cli.session.HiveSessionProxy.lambda$invoke$0(HiveSessionProxy.java:58)
	at java.base/java.security.AccessController.doPrivileged(AccessController.java:712)
	at java.base/javax.security.auth.Subject.doAs(Subject.java:439)
	at org.apache.hadoop.security.UserGroupInformation.doAs(UserGroupInformation.java:1953)
	at org.apache.hive.service.cli.session.HiveSessionProxy.invoke(HiveSessionProxy.java:58)
	at jdk.proxy2/jdk.proxy2.$Proxy96.close(Unknown Source)
	at org.apache.hive.service.cli.session.SessionManager.closeSession(SessionManager.java:305)
	at org.apache.spark.sql.hive.thriftserver.SparkSQLSessionManager.closeSession(SparkSQLSessionManager.scala:92)
	at org.apache.hive.service.cli.CLIService.closeSession(CLIService.java:244)
	at org.apache.hive.service.cli.thrift.ThriftCLIService$1.deleteContext(ThriftCLIService.java:121)
	at org.apache.thrift.server.TThreadPoolServer$WorkerProcess.run(TThreadPoolServer.java:264)
	at java.base/java.util.concurrent.ThreadPoolExecutor.runWorker(ThreadPoolExecutor.java:1136)
	at java.base/java.util.concurrent.ThreadPoolExecutor$Worker.run(ThreadPoolExecutor.java:635)
	at java.base/java.lang.Thread.run(Thread.java:840)
---------------
Stack traces for all live threads:
Thread name=Thread-1 id=64 priority=5 state=TIMED_WAITING isdaemon=false
	java.base@17.0.19/jdk.internal.misc.Unsafe.park(Native Method)
	java.base@17.0.19/java.util.concurrent.locks.LockSupport.parkNanos(LockSupport.java:252)
	java.base@17.0.19/java.util.concurrent.FutureTask.awaitDone(FutureTask.java:444)
	java.base@17.0.19/java.util.concurrent.FutureTask.get(FutureTask.java:203)
	app//org.apache.hadoop.util.ShutdownHookManager.executeShutdown(ShutdownHookManager.java:124)
	app//org.apache.hadoop.util.ShutdownHookManager$1.run(ShutdownHookManager.java:95)

Thread name=Notification Thread id=15 priority=9 state=RUNNABLE isdaemon=true

Thread name=dispatcher-BlockManagerMaster id=63 priority=5 state=WAITING isdaemon=true
	java.base@17.0.19/jdk.internal.misc.Unsafe.park(Native Method)
	java.base@17.0.19/java.util.concurrent.locks.LockSupport.park(LockSupport.java:341)
	java.base@17.0.19/java.util.concurrent.locks.AbstractQueuedSynchronizer$ConditionNode.block(AbstractQueuedSynchronizer.java:506)
	java.base@17.0.19/java.util.concurrent.ForkJoinPool.unmanagedBlock(ForkJoinPool.java:3465)
	java.base@17.0.19/java.util.concurrent.ForkJoinPool.managedBlock(ForkJoinPool.java:3436)
	java.base@17.0.19/java.util.concurrent.locks.AbstractQueuedSynchronizer$ConditionObject.await(AbstractQueuedSynchronizer.java:1630)
	java.base@17.0.19/java.util.concurrent.LinkedBlockingQueue.take(LinkedBlockingQueue.java:435)
	app//org.apache.spark.rpc.netty.MessageLoop.org$apache$spark$rpc$netty$MessageLoop$$receiveLoop(MessageLoop.scala:70)
	app//org.apache.spark.rpc.netty.MessageLoop$$anon$1.run(MessageLoop.scala:42)
	java.base@17.0.19/java.util.concurrent.ThreadPoolExecutor.runWorker(ThreadPoolExecutor.java:1136)
	java.base@17.0.19/java.util.concurrent.ThreadPoolExecutor$Worker.run(ThreadPoolExecutor.java:635)
	java.base@17.0.19/java.lang.Thread.run(Thread.java:840)

Thread name=Common-Cleaner id=13 priority=8 state=TIMED_WAITING isdaemon=true
	java.base@17.0.19/java.lang.Object.wait(Native Method)
	java.base@17.0.19/java.lang.ref.ReferenceQueue.remove(ReferenceQueue.java:155)
	java.base@17.0.19/jdk.internal.ref.CleanerImpl.run(CleanerImpl.java:140)
	java.base@17.0.19/java.lang.Thread.run(Thread.java:840)
	java.base@17.0.19/jdk.internal.misc.InnocuousThread.run(InnocuousThread.java:162)

Thread name=rpc-boss-3-1 id=46 priority=5 state=RUNNABLE isdaemon=true
	java.base@17.0.19/sun.nio.ch.WEPoll.wait(Native Method)
	java.base@17.0.19/sun.nio.ch.WEPollSelectorImpl.doSelect(WEPollSelectorImpl.java:111)
	java.base@17.0.19/sun.nio.ch.SelectorImpl.lockAndDoSelect(SelectorImpl.java:129)
	java.base@17.0.19/sun.nio.ch.SelectorImpl.select(SelectorImpl.java:141)
	app//io.netty.channel.nio.SelectedSelectionKeySetSelector.select(SelectedSelectionKeySetSelector.java:62)
	app//io.netty.channel.nio.NioIoHandler.select(NioIoHandler.java:638)
	app//io.netty.channel.nio.NioIoHandler.run(NioIoHandler.java:424)
	app//io.netty.channel.SingleThreadIoEventLoop.runIo(SingleThreadIoEventLoop.java:204)
	app//io.netty.channel.SingleThreadIoEventLoop.run(SingleThreadIoEventLoop.java:175)
	app//io.netty.util.concurrent.SingleThreadEventExecutor$5.run(SingleThreadEventExecutor.java:1073)
	app//io.netty.util.internal.ThreadExecutorMap$2.run(ThreadExecutorMap.java:74)
	app//io.netty.util.concurrent.FastThreadLocalRunnable.run(FastThreadLocalRunnable.java:30)
	java.base@17.0.19/java.lang.Thread.run(Thread.java:840)

Thread name=HiveServer2-Handler-Pool: Thread-304 id=304 priority=5 state=RUNNABLE isdaemon=false
	java.base@17.0.19/sun.nio.ch.SocketDispatcher.read0(Native Method)
	java.base@17.0.19/sun.nio.ch.SocketDispatcher.read(SocketDispatcher.java:46)
	java.base@17.0.19/sun.nio.ch.NioSocketImpl.tryRead(NioSocketImpl.java:266)
	java.base@17.0.19/sun.nio.ch.NioSocketImpl.implRead(NioSocketImpl.java:317)
	java.base@17.0.19/sun.nio.ch.NioSocketImpl.read(NioSocketImpl.java:355)
	java.base@17.0.19/sun.nio.ch.NioSocketImpl$1.read(NioSocketImpl.java:808)
	java.base@17.0.19/java.net.Socket$SocketInputStream.read(Socket.java:966)
	java.base@17.0.19/java.io.BufferedInputStream.fill(BufferedInputStream.java:244)
	java.base@17.0.19/java.io.BufferedInputStream.read1(BufferedInputStream.java:284)
	java.base@17.0.19/java.io.BufferedInputStream.read(BufferedInputStream.java:343)
	app//org.apache.thrift.transport.TIOStreamTransport.read(TIOStreamTransport.java:177)
	app//org.apache.thrift.transport.TTransport.readAll(TTransport.java:109)
	app//org.apache.thrift.transport.TSaslTransport.readLength(TSaslTransport.java:338)
	app//org.apache.thrift.transport.TSaslTransport.readFrame(TSaslTransport.java:421)
	app//org.apache.thrift.transport.TSaslTransport.read(TSaslTransport.java:397)
	app//org.apache.thrift.transport.TSaslServerTransport.read(TSaslServerTransport.java:44)
	app//org.apache.thrift.transport.TTransport.readAll(TTransport.java:109)
	app//org.apache.thrift.protocol.TBinaryProtocol.readAll(TBinaryProtocol.java:464)
	app//org.apache.thrift.protocol.TBinaryProtocol.readI32(TBinaryProtocol.java:362)
	app//org.apache.thrift.protocol.TBinaryProtocol.readMessageBegin(TBinaryProtocol.java:245)
	app//org.apache.thrift.TBaseProcessor.process(TBaseProcessor.java:27)
	app//org.apache.hive.service.auth.TSetIpAddressProcessor.process(TSetIpAddressProcessor.java:53)
	app//org.apache.thrift.server.TThreadPoolServer$WorkerProcess.run(TThreadPoolServer.java:250)
	java.base@17.0.19/java.util.concurrent.ThreadPoolExecutor.runWorker(ThreadPoolExecutor.java:1136)
	java.base@17.0.19/java.util.concurrent.ThreadPoolExecutor$Worker.run(ThreadPoolExecutor.java:635)
	java.base@17.0.19/java.lang.Thread.run(Thread.java:840)

Thread name=shuffle-server-7-6 id=3830 priority=5 state=TIMED_WAITING isdaemon=true
	java.base@17.0.19/java.lang.Thread.sleep(Native Method)
	app//io.netty.util.concurrent.SingleThreadEventExecutor.confirmShutdown(SingleThreadEventExecutor.java:836)
	app//io.netty.channel.SingleThreadIoEventLoop.run(SingleThreadIoEventLoop.java:183)
	app//io.netty.util.concurrent.SingleThreadEventExecutor$5.run(SingleThreadEventExecutor.java:1073)
	app//io.netty.util.internal.ThreadExecutorMap$2.run(ThreadExecutorMap.java:74)
	app//io.netty.util.concurrent.FastThreadLocalRunnable.run(FastThreadLocalRunnable.java:30)
	java.base@17.0.19/java.lang.Thread.run(Thread.java:840)

Thread name=shuffle-client-5-5 id=3837 priority=5 state=TIMED_WAITING isdaemon=true
	java.base@17.0.19/java.lang.Thread.sleep(Native Method)
	app//io.netty.util.concurrent.SingleThreadEventExecutor.confirmShutdown(SingleThreadEventExecutor.java:836)
	app//io.netty.channel.SingleThreadIoEventLoop.run(SingleThreadIoEventLoop.java:183)
	app//io.netty.util.concurrent.SingleThreadEventExecutor$5.run(SingleThreadEventExecutor.java:1073)
	app//io.netty.util.internal.ThreadExecutorMap$2.run(ThreadExecutorMap.java:74)
	app//io.netty.util.concurrent.FastThreadLocalRunnable.run(FastThreadLocalRunnable.java:30)
	java.base@17.0.19/java.lang.Thread.run(Thread.java:840)

Thread name=shuffle-server-7-3 id=3827 priority=5 state=TIMED_WAITING isdaemon=true
	java.base@17.0.19/java.lang.Thread.sleep(Native Method)
	app//io.netty.util.concurrent.SingleThreadEventExecutor.confirmShutdown(SingleThreadEventExecutor.java:836)
	app//io.netty.channel.SingleThreadIoEventLoop.run(SingleThreadIoEventLoop.java:183)
	app//io.netty.util.concurrent.SingleThreadEventExecutor$5.run(SingleThreadEventExecutor.java:1073)
	app//io.netty.util.internal.ThreadExecutorMap$2.run(ThreadExecutorMap.java:74)
	app//io.netty.util.concurrent.FastThreadLocalRunnable.run(FastThreadLocalRunnable.java:30)
	java.base@17.0.19/java.lang.Thread.run(Thread.java:840)

Thread name=DestroyJavaVM id=127 priority=5 state=RUNNABLE isdaemon=false

Thread name=dispatcher-event-loop-7 id=54 priority=5 state=WAITING isdaemon=true
	java.base@17.0.19/jdk.internal.misc.Unsafe.park(Native Method)
	java.base@17.0.19/java.util.concurrent.locks.LockSupport.park(LockSupport.java:341)
	java.base@17.0.19/java.util.concurrent.locks.AbstractQueuedSynchronizer$ConditionNode.block(AbstractQueuedSynchronizer.java:506)
	java.base@17.0.19/java.util.concurrent.ForkJoinPool.unmanagedBlock(ForkJoinPool.java:3465)
	java.base@17.0.19/java.util.concurrent.ForkJoinPool.managedBlock(ForkJoinPool.java:3436)
	java.base@17.0.19/java.util.concurrent.locks.AbstractQueuedSynchronizer$ConditionObject.await(AbstractQueuedSynchronizer.java:1630)
	java.base@17.0.19/java.util.concurrent.LinkedBlockingQueue.take(LinkedBlockingQueue.java:435)
	app//org.apache.spark.rpc.netty.MessageLoop.org$apache$spark$rpc$netty$MessageLoop$$receiveLoop(MessageLoop.scala:70)
	app//org.apache.spark.rpc.netty.MessageLoop$$anon$1.run(MessageLoop.scala:42)
	java.base@17.0.19/java.util.concurrent.ThreadPoolExecutor.runWorker(ThreadPoolExecutor.java:1136)
	java.base@17.0.19/java.util.concurrent.ThreadPoolExecutor$Worker.run(ThreadPoolExecutor.java:635)
	java.base@17.0.19/java.lang.Thread.run(Thread.java:840)

Thread name=HiveServer2-Handler-Pool: Thread-1855 id=1855 priority=5 state=WAITING isdaemon=false
	java.base@17.0.19/jdk.internal.misc.Unsafe.park(Native Method)
	java.base@17.0.19/java.util.concurrent.locks.LockSupport.park(LockSupport.java:211)
	java.base@17.0.19/java.util.concurrent.locks.AbstractQueuedSynchronizer.acquire(AbstractQueuedSynchronizer.java:715)
	java.base@17.0.19/java.util.concurrent.locks.AbstractQueuedSynchronizer.acquire(AbstractQueuedSynchronizer.java:938)
	java.base@17.0.19/java.util.concurrent.locks.ReentrantLock$Sync.lock(ReentrantLock.java:153)
	java.base@17.0.19/java.util.concurrent.locks.ReentrantLock.lock(ReentrantLock.java:322)
	app//org.apache.hadoop.hive.metastore.ObjectStore.setConf(ObjectStore.java:277)
	jdk.internal.reflect.GeneratedMethodAccessor231.invoke(Unknown Source)
	java.base@17.0.19/jdk.internal.reflect.DelegatingMethodAccessorImpl.invoke(DelegatingMethodAccessorImpl.java:43)
	java.base@17.0.19/java.lang.reflect.Method.invoke(Method.java:569)
	app//org.apache.hadoop.hive.metastore.RawStoreProxy.invoke(RawStoreProxy.java:101)
	app/jdk.proxy2/jdk.proxy2.$Proxy82.setConf(Unknown Source)
	app//org.apache.hadoop.hive.metastore.HiveMetaStore$HMSHandler.setConf(HiveMetaStore.java:522)
	app//org.apache.hadoop.hive.metastore.RetryingHMSHandler.<init>(RetryingHMSHandler.java:68)
	app//org.apache.hadoop.hive.metastore.RetryingHMSHandler.getProxy(RetryingHMSHandler.java:92)
	app//org.apache.hadoop.hive.metastore.HiveMetaStore.newRetryingHMSHandler(HiveMetaStore.java:6903)
	app//org.apache.hadoop.hive.metastore.HiveMetaStoreClient.<init>(HiveMetaStoreClient.java:163)
	app//org.apache.hadoop.hive.ql.metadata.SessionHiveMetaStoreClient.<init>(SessionHiveMetaStoreClient.java:70)
	jdk.internal.reflect.GeneratedConstructorAccessor374.newInstance(Unknown Source)
	java.base@17.0.19/jdk.internal.reflect.DelegatingConstructorAccessorImpl.newInstance(DelegatingConstructorAccessorImpl.java:45)
	java.base@17.0.19/java.lang.reflect.Constructor.newInstanceWithCaller(Constructor.java:500)
	java.base@17.0.19/java.lang.reflect.Constructor.newInstance(Constructor.java:481)
	app//org.apache.hadoop.hive.metastore.MetaStoreUtils.newInstance(MetaStoreUtils.java:1740)
	app//org.apache.hadoop.hive.metastore.RetryingMetaStoreClient.<init>(RetryingMetaStoreClient.java:83)
	app//org.apache.hadoop.hive.metastore.RetryingMetaStoreClient.getProxy(RetryingMetaStoreClient.java:133)
	app//org.apache.hadoop.hive.metastore.RetryingMetaStoreClient.getProxy(RetryingMetaStoreClient.java:104)
	app//org.apache.hadoop.hive.ql.metadata.Hive.createMetaStoreClient(Hive.java:3607)
	app//org.apache.hadoop.hive.ql.metadata.Hive.getMSC(Hive.java:3659)
	app//org.apache.hadoop.hive.ql.metadata.Hive.getMSC(Hive.java:3639)
	app//org.apache.hadoop.hive.ql.session.SessionState.unCacheDataNucleusClassLoaders(SessionState.java:1597)
	app//org.apache.hadoop.hive.ql.session.SessionState.close(SessionState.java:1586)
	app//org.apache.hive.service.cli.session.HiveSessionImpl.close(HiveSessionImpl.java:680)
	app//org.apache.hive.service.cli.session.HiveSessionImplwithUGI.close(HiveSessionImplwithUGI.java:87)
	jdk.internal.reflect.GeneratedMethodAccessor230.invoke(Unknown Source)
	java.base@17.0.19/jdk.internal.reflect.DelegatingMethodAccessorImpl.invoke(DelegatingMethodAccessorImpl.java:43)
	java.base@17.0.19/java.lang.reflect.Method.invoke(Method.java:569)
	app//org.apache.hive.service.cli.session.HiveSessionProxy.invoke(HiveSessionProxy.java:71)
	app//org.apache.hive.service.cli.session.HiveSessionProxy.lambda$invoke$0(HiveSessionProxy.java:58)
	app//org.apache.hive.service.cli.session.HiveSessionProxy$$Lambda$2943/0x00000183bc2ce340.run(Unknown Source)
	java.base@17.0.19/java.security.AccessController.executePrivileged(AccessController.java:814)
	java.base@17.0.19/java.security.AccessController.doPrivileged(AccessController.java:712)
	java.base@17.0.19/javax.security.auth.Subject.doAs(Subject.java:439)
	app//org.apache.hadoop.security.UserGroupInformation.doAs(UserGroupInformation.java:1953)
	app//org.apache.hive.service.cli.session.HiveSessionProxy.invoke(HiveSessionProxy.java:58)
	app/jdk.proxy2/jdk.proxy2.$Proxy96.close(Unknown Source)
	app//org.apache.hive.service.cli.session.SessionManager.closeSession(SessionManager.java:305)
	app//org.apache.spark.sql.hive.thriftserver.SparkSQLSessionManager.closeSession(SparkSQLSessionManager.scala:92)
	app//org.apache.hive.service.cli.CLIService.closeSession(CLIService.java:244)
	app//org.apache.hive.service.cli.thrift.ThriftCLIService.CloseSession(ThriftCLIService.java:427)
	app//org.apache.hive.service.rpc.thrift.TCLIService$Processor$CloseSession.getResult(TCLIService.java:1620)
	app//org.apache.hive.service.rpc.thrift.TCLIService$Processor$CloseSession.getResult(TCLIService.java:1600)
	app//org.apache.thrift.ProcessFunction.process(ProcessFunction.java:38)
	app//org.apache.thrift.TBaseProcessor.process(TBaseProcessor.java:38)
	app//org.apache.hive.service.auth.TSetIpAddressProcessor.process(TSetIpAddressProcessor.java:53)
	app//org.apache.thrift.server.TThreadPoolServer$WorkerProcess.run(TThreadPoolServer.java:250)
	java.base@17.0.19/java.util.concurrent.ThreadPoolExecutor.runWorker(ThreadPoolExecutor.java:1136)
	java.base@17.0.19/java.util.concurrent.ThreadPoolExecutor$Worker.run(ThreadPoolExecutor.java:635)
	java.base@17.0.19/java.lang.Thread.run(Thread.java:840)

Thread name=shuffle-server-7-5 id=3829 priority=5 state=TIMED_WAITING isdaemon=true
	java.base@17.0.19/java.lang.Thread.sleep(Native Method)
	app//io.netty.util.concurrent.SingleThreadEventExecutor.confirmShutdown(SingleThreadEventExecutor.java:836)
	app//io.netty.channel.SingleThreadIoEventLoop.run(SingleThreadIoEventLoop.java:183)
	app//io.netty.util.concurrent.SingleThreadEventExecutor$5.run(SingleThreadEventExecutor.java:1073)
	app//io.netty.util.internal.ThreadExecutorMap$2.run(ThreadExecutorMap.java:74)
	app//io.netty.util.concurrent.FastThreadLocalRunnable.run(FastThreadLocalRunnable.java:30)
	java.base@17.0.19/java.lang.Thread.run(Thread.java:840)

Thread name=dispatcher-event-loop-6 id=53 priority=5 state=WAITING isdaemon=true
	java.base@17.0.19/jdk.internal.misc.Unsafe.park(Native Method)
	java.base@17.0.19/java.util.concurrent.locks.LockSupport.park(LockSupport.java:341)
	java.base@17.0.19/java.util.concurrent.locks.AbstractQueuedSynchronizer$ConditionNode.block(AbstractQueuedSynchronizer.java:506)
	java.base@17.0.19/java.util.concurrent.ForkJoinPool.unmanagedBlock(ForkJoinPool.java:3465)
	java.base@17.0.19/java.util.concurrent.ForkJoinPool.managedBlock(ForkJoinPool.java:3436)
	java.base@17.0.19/java.util.concurrent.locks.AbstractQueuedSynchronizer$ConditionObject.await(AbstractQueuedSynchronizer.java:1630)
	java.base@17.0.19/java.util.concurrent.LinkedBlockingQueue.take(LinkedBlockingQueue.java:435)
	app//org.apache.spark.rpc.netty.MessageLoop.org$apache$spark$rpc$netty$MessageLoop$$receiveLoop(MessageLoop.scala:70)
	app//org.apache.spark.rpc.netty.MessageLoop$$anon$1.run(MessageLoop.scala:42)
	java.base@17.0.19/java.util.concurrent.ThreadPoolExecutor.runWorker(ThreadPoolExecutor.java:1136)
	java.base@17.0.19/java.util.concurrent.ThreadPoolExecutor$Worker.run(ThreadPoolExecutor.java:635)
	java.base@17.0.19/java.lang.Thread.run(Thread.java:840)

Thread name=SIGINT handler id=3823 priority=9 state=WAITING isdaemon=true
	java.base@17.0.19/java.lang.Object.wait(Native Method)
	java.base@17.0.19/java.lang.Thread.join(Thread.java:1313)
	java.base@17.0.19/java.lang.Thread.join(Thread.java:1381)
	java.base@17.0.19/java.lang.ApplicationShutdownHooks.runHooks(ApplicationShutdownHooks.java:107)
	java.base@17.0.19/java.lang.ApplicationShutdownHooks$1.run(ApplicationShutdownHooks.java:46)
	java.base@17.0.19/java.lang.Shutdown.runHooks(Shutdown.java:130)
	java.base@17.0.19/java.lang.Shutdown.exit(Shutdown.java:173)
	java.base@17.0.19/java.lang.Terminator$1.handle(Terminator.java:51)
	java.base@17.0.19/jdk.internal.misc.Signal$1.run(Signal.java:219)
	java.base@17.0.19/java.lang.Thread.run(Thread.java:840)

Thread name=Finalizer id=3 priority=8 state=WAITING isdaemon=true
	java.base@17.0.19/java.lang.Object.wait(Native Method)
	java.base@17.0.19/java.lang.ref.ReferenceQueue.remove(ReferenceQueue.java:155)
	java.base@17.0.19/java.lang.ref.ReferenceQueue.remove(ReferenceQueue.java:176)
	java.base@17.0.19/java.lang.ref.Finalizer$FinalizerThread.run(Finalizer.java:172)

Thread name=JMX server connection timeout 22 id=22 priority=5 state=TIMED_WAITING isdaemon=true
	java.base@17.0.19/java.lang.Object.wait(Native Method)
	java.management@17.0.19/com.sun.jmx.remote.internal.ServerCommunicatorAdmin$Timeout.run(ServerCommunicatorAdmin.java:171)
	java.base@17.0.19/java.lang.Thread.run(Thread.java:840)

Thread name=dispatcher-event-loop-3 id=50 priority=5 state=WAITING isdaemon=true
	java.base@17.0.19/jdk.internal.misc.Unsafe.park(Native Method)
	java.base@17.0.19/java.util.concurrent.locks.LockSupport.park(LockSupport.java:341)
	java.base@17.0.19/java.util.concurrent.locks.AbstractQueuedSynchronizer$ConditionNode.block(AbstractQueuedSynchronizer.java:506)
	java.base@17.0.19/java.util.concurrent.ForkJoinPool.unmanagedBlock(ForkJoinPool.java:3465)
	java.base@17.0.19/java.util.concurrent.ForkJoinPool.managedBlock(ForkJoinPool.java:3436)
	java.base@17.0.19/java.util.concurrent.locks.AbstractQueuedSynchronizer$ConditionObject.await(AbstractQueuedSynchronizer.java:1630)
	java.base@17.0.19/java.util.concurrent.LinkedBlockingQueue.take(LinkedBlockingQueue.java:435)
	app//org.apache.spark.rpc.netty.MessageLoop.org$apache$spark$rpc$netty$MessageLoop$$receiveLoop(MessageLoop.scala:70)
	app//org.apache.spark.rpc.netty.MessageLoop$$anon$1.run(MessageLoop.scala:42)
	java.base@17.0.19/java.util.concurrent.ThreadPoolExecutor.runWorker(ThreadPoolExecutor.java:1136)
	java.base@17.0.19/java.util.concurrent.ThreadPoolExecutor$Worker.run(ThreadPoolExecutor.java:635)
	java.base@17.0.19/java.lang.Thread.run(Thread.java:840)

Thread name=Monitor Ctrl-Break id=14 priority=5 state=RUNNABLE isdaemon=true
	java.base@17.0.19/sun.nio.ch.SocketDispatcher.read0(Native Method)
	java.base@17.0.19/sun.nio.ch.SocketDispatcher.read(SocketDispatcher.java:46)
	java.base@17.0.19/sun.nio.ch.NioSocketImpl.tryRead(NioSocketImpl.java:266)
	java.base@17.0.19/sun.nio.ch.NioSocketImpl.implRead(NioSocketImpl.java:317)
	java.base@17.0.19/sun.nio.ch.NioSocketImpl.read(NioSocketImpl.java:355)
	java.base@17.0.19/sun.nio.ch.NioSocketImpl$1.read(NioSocketImpl.java:808)
	java.base@17.0.19/java.net.Socket$SocketInputStream.read(Socket.java:966)
	java.base@17.0.19/sun.nio.cs.StreamDecoder.readBytes(StreamDecoder.java:287)
	java.base@17.0.19/sun.nio.cs.StreamDecoder.implRead(StreamDecoder.java:330)
	java.base@17.0.19/sun.nio.cs.StreamDecoder.read(StreamDecoder.java:190)
	java.base@17.0.19/java.io.InputStreamReader.read(InputStreamReader.java:177)
	java.base@17.0.19/java.io.BufferedReader.fill(BufferedReader.java:162)
	java.base@17.0.19/java.io.BufferedReader.readLine(BufferedReader.java:329)
	java.base@17.0.19/java.io.BufferedReader.readLine(BufferedReader.java:396)
	app//com.intellij.rt.execution.application.AppMainV2$1.run(AppMainV2.java:35)

Thread name=shuffle-server-7-1 id=3825 priority=5 state=TIMED_WAITING isdaemon=true
	java.base@17.0.19/java.lang.Thread.sleep(Native Method)
	app//io.netty.util.concurrent.SingleThreadEventExecutor.confirmShutdown(SingleThreadEventExecutor.java:836)
	app//io.netty.channel.SingleThreadIoEventLoop.run(SingleThreadIoEventLoop.java:183)
	app//io.netty.util.concurrent.SingleThreadEventExecutor$5.run(SingleThreadEventExecutor.java:1073)
	app//io.netty.util.internal.ThreadExecutorMap$2.run(ThreadExecutorMap.java:74)
	app//io.netty.util.concurrent.FastThreadLocalRunnable.run(FastThreadLocalRunnable.java:30)
	java.base@17.0.19/java.lang.Thread.run(Thread.java:840)

Thread name=dispatcher-event-loop-0 id=47 priority=5 state=WAITING isdaemon=true
	java.base@17.0.19/jdk.internal.misc.Unsafe.park(Native Method)
	java.base@17.0.19/java.util.concurrent.locks.LockSupport.park(LockSupport.java:341)
	java.base@17.0.19/java.util.concurrent.locks.AbstractQueuedSynchronizer$ConditionNode.block(AbstractQueuedSynchronizer.java:506)
	java.base@17.0.19/java.util.concurrent.ForkJoinPool.unmanagedBlock(ForkJoinPool.java:3465)
	java.base@17.0.19/java.util.concurrent.ForkJoinPool.managedBlock(ForkJoinPool.java:3436)
	java.base@17.0.19/java.util.concurrent.locks.AbstractQueuedSynchronizer$ConditionObject.await(AbstractQueuedSynchronizer.java:1630)
	java.base@17.0.19/java.util.concurrent.LinkedBlockingQueue.take(LinkedBlockingQueue.java:435)
	app//org.apache.spark.rpc.netty.MessageLoop.org$apache$spark$rpc$netty$MessageLoop$$receiveLoop(MessageLoop.scala:70)
	app//org.apache.spark.rpc.netty.MessageLoop$$anon$1.run(MessageLoop.scala:42)
	java.base@17.0.19/java.util.concurrent.ThreadPoolExecutor.runWorker(ThreadPoolExecutor.java:1136)
	java.base@17.0.19/java.util.concurrent.ThreadPoolExecutor$Worker.run(ThreadPoolExecutor.java:635)
	java.base@17.0.19/java.lang.Thread.run(Thread.java:840)

Thread name=netty-rpc-env-timeout id=79 priority=5 state=TIMED_WAITING isdaemon=true
	java.base@17.0.19/jdk.internal.misc.Unsafe.park(Native Method)
	java.base@17.0.19/java.util.concurrent.locks.LockSupport.parkNanos(LockSupport.java:252)
	java.base@17.0.19/java.util.concurrent.locks.AbstractQueuedSynchronizer$ConditionObject.awaitNanos(AbstractQueuedSynchronizer.java:1679)
	java.base@17.0.19/java.util.concurrent.ScheduledThreadPoolExecutor$DelayedWorkQueue.take(ScheduledThreadPoolExecutor.java:1182)
	java.base@17.0.19/java.util.concurrent.ScheduledThreadPoolExecutor$DelayedWorkQueue.take(ScheduledThreadPoolExecutor.java:899)
	java.base@17.0.19/java.util.concurrent.ThreadPoolExecutor.getTask(ThreadPoolExecutor.java:1062)
	java.base@17.0.19/java.util.concurrent.ThreadPoolExecutor.runWorker(ThreadPoolExecutor.java:1122)
	java.base@17.0.19/java.util.concurrent.ThreadPoolExecutor$Worker.run(ThreadPoolExecutor.java:635)
	java.base@17.0.19/java.lang.Thread.run(Thread.java:840)

Thread name=Reference Handler id=2 priority=10 state=RUNNABLE isdaemon=true
	java.base@17.0.19/java.lang.ref.Reference.waitForReferencePendingList(Native Method)
	java.base@17.0.19/java.lang.ref.Reference.processPendingReferences(Reference.java:253)
	java.base@17.0.19/java.lang.ref.Reference$ReferenceHandler.run(Reference.java:215)

Thread name=RMI TCP Connection(91)-192.168.1.137 id=18 priority=5 state=RUNNABLE isdaemon=true
	java.base@17.0.19/sun.nio.ch.Net.poll(Native Method)
	java.base@17.0.19/sun.nio.ch.NioSocketImpl.park(NioSocketImpl.java:186)
	java.base@17.0.19/sun.nio.ch.NioSocketImpl.timedRead(NioSocketImpl.java:290)
	java.base@17.0.19/sun.nio.ch.NioSocketImpl.implRead(NioSocketImpl.java:314)
	java.base@17.0.19/sun.nio.ch.NioSocketImpl.read(NioSocketImpl.java:355)
	java.base@17.0.19/sun.nio.ch.NioSocketImpl$1.read(NioSocketImpl.java:808)
	java.base@17.0.19/java.net.Socket$SocketInputStream.read(Socket.java:966)
	java.base@17.0.19/java.io.BufferedInputStream.fill(BufferedInputStream.java:244)
	java.base@17.0.19/java.io.BufferedInputStream.read(BufferedInputStream.java:263)
	java.base@17.0.19/java.io.FilterInputStream.read(FilterInputStream.java:82)
	java.rmi@17.0.19/sun.rmi.transport.tcp.TCPTransport.handleMessages(TCPTransport.java:569)
	java.rmi@17.0.19/sun.rmi.transport.tcp.TCPTransport$ConnectionHandler.run0(TCPTransport.java:828)
	java.rmi@17.0.19/sun.rmi.transport.tcp.TCPTransport$ConnectionHandler.lambda$run$0(TCPTransport.java:705)
	java.rmi@17.0.19/sun.rmi.transport.tcp.TCPTransport$ConnectionHandler$$Lambda$135/0x00000183bb09ecd8.run(Unknown Source)
	java.base@17.0.19/java.security.AccessController.executePrivileged(AccessController.java:776)
	java.base@17.0.19/java.security.AccessController.doPrivileged(AccessController.java:399)
	java.rmi@17.0.19/sun.rmi.transport.tcp.TCPTransport$ConnectionHandler.run(TCPTransport.java:704)
	java.base@17.0.19/java.util.concurrent.ThreadPoolExecutor.runWorker(ThreadPoolExecutor.java:1136)
	java.base@17.0.19/java.util.concurrent.ThreadPoolExecutor$Worker.run(ThreadPoolExecutor.java:635)
	java.base@17.0.19/java.lang.Thread.run(Thread.java:840)

Thread name=dispatcher-event-loop-2 id=49 priority=5 state=WAITING isdaemon=true
	java.base@17.0.19/jdk.internal.misc.Unsafe.park(Native Method)
	java.base@17.0.19/java.util.concurrent.locks.LockSupport.park(LockSupport.java:341)
	java.base@17.0.19/java.util.concurrent.locks.AbstractQueuedSynchronizer$ConditionNode.block(AbstractQueuedSynchronizer.java:506)
	java.base@17.0.19/java.util.concurrent.ForkJoinPool.unmanagedBlock(ForkJoinPool.java:3465)
	java.base@17.0.19/java.util.concurrent.ForkJoinPool.managedBlock(ForkJoinPool.java:3436)
	java.base@17.0.19/java.util.concurrent.locks.AbstractQueuedSynchronizer$ConditionObject.await(AbstractQueuedSynchronizer.java:1630)
	java.base@17.0.19/java.util.concurrent.LinkedBlockingQueue.take(LinkedBlockingQueue.java:435)
	app//org.apache.spark.rpc.netty.MessageLoop.org$apache$spark$rpc$netty$MessageLoop$$receiveLoop(MessageLoop.scala:70)
	app//org.apache.spark.rpc.netty.MessageLoop$$anon$1.run(MessageLoop.scala:42)
	java.base@17.0.19/java.util.concurrent.ThreadPoolExecutor.runWorker(ThreadPoolExecutor.java:1136)
	java.base@17.0.19/java.util.concurrent.ThreadPoolExecutor$Worker.run(ThreadPoolExecutor.java:635)
	java.base@17.0.19/java.lang.Thread.run(Thread.java:840)

Thread name=Signal Dispatcher id=4 priority=9 state=RUNNABLE isdaemon=true

Thread name=shuffle-client-5-2 id=3834 priority=5 state=TIMED_WAITING isdaemon=true
	java.base@17.0.19/java.lang.Thread.sleep(Native Method)
	app//io.netty.util.concurrent.SingleThreadEventExecutor.confirmShutdown(SingleThreadEventExecutor.java:836)
	app//io.netty.channel.SingleThreadIoEventLoop.run(SingleThreadIoEventLoop.java:183)
	app//io.netty.util.concurrent.SingleThreadEventExecutor$5.run(SingleThreadEventExecutor.java:1073)
	app//io.netty.util.internal.ThreadExecutorMap$2.run(ThreadExecutorMap.java:74)
	app//io.netty.util.concurrent.FastThreadLocalRunnable.run(FastThreadLocalRunnable.java:30)
	java.base@17.0.19/java.lang.Thread.run(Thread.java:840)

Thread name=element-tracking-store-worker id=87 priority=5 state=WAITING isdaemon=true
	java.base@17.0.19/jdk.internal.misc.Unsafe.park(Native Method)
	java.base@17.0.19/java.util.concurrent.locks.LockSupport.park(LockSupport.java:341)
	java.base@17.0.19/java.util.concurrent.locks.AbstractQueuedSynchronizer$ConditionNode.block(AbstractQueuedSynchronizer.java:506)
	java.base@17.0.19/java.util.concurrent.ForkJoinPool.unmanagedBlock(ForkJoinPool.java:3465)
	java.base@17.0.19/java.util.concurrent.ForkJoinPool.managedBlock(ForkJoinPool.java:3436)
	java.base@17.0.19/java.util.concurrent.locks.AbstractQueuedSynchronizer$ConditionObject.await(AbstractQueuedSynchronizer.java:1630)
	java.base@17.0.19/java.util.concurrent.LinkedBlockingQueue.take(LinkedBlockingQueue.java:435)
	java.base@17.0.19/java.util.concurrent.ThreadPoolExecutor.getTask(ThreadPoolExecutor.java:1062)
	java.base@17.0.19/java.util.concurrent.ThreadPoolExecutor.runWorker(ThreadPoolExecutor.java:1122)
	java.base@17.0.19/java.util.concurrent.ThreadPoolExecutor$Worker.run(ThreadPoolExecutor.java:635)
	java.base@17.0.19/java.lang.Thread.run(Thread.java:840)

Thread name=HiveServer2-Handler-Pool: Thread-130 id=130 priority=5 state=WAITING isdaemon=false
	java.base@17.0.19/jdk.internal.misc.Unsafe.park(Native Method)
	java.base@17.0.19/java.util.concurrent.locks.LockSupport.park(LockSupport.java:211)
	java.base@17.0.19/java.util.concurrent.locks.AbstractQueuedSynchronizer.acquire(AbstractQueuedSynchronizer.java:715)
	java.base@17.0.19/java.util.concurrent.locks.AbstractQueuedSynchronizer.acquire(AbstractQueuedSynchronizer.java:938)
	java.base@17.0.19/java.util.concurrent.locks.ReentrantLock$Sync.lock(ReentrantLock.java:153)
	java.base@17.0.19/java.util.concurrent.locks.ReentrantLock.lock(ReentrantLock.java:322)
	app//org.apache.hadoop.hive.metastore.ObjectStore.setConf(ObjectStore.java:277)
	jdk.internal.reflect.GeneratedMethodAccessor231.invoke(Unknown Source)
	java.base@17.0.19/jdk.internal.reflect.DelegatingMethodAccessorImpl.invoke(DelegatingMethodAccessorImpl.java:43)
	java.base@17.0.19/java.lang.reflect.Method.invoke(Method.java:569)
	app//org.apache.hadoop.hive.metastore.RawStoreProxy.invoke(RawStoreProxy.java:101)
	app/jdk.proxy2/jdk.proxy2.$Proxy82.setConf(Unknown Source)
	app//org.apache.hadoop.hive.metastore.HiveMetaStore$HMSHandler.setConf(HiveMetaStore.java:522)
	app//org.apache.hadoop.hive.metastore.RetryingHMSHandler.<init>(RetryingHMSHandler.java:68)
	app//org.apache.hadoop.hive.metastore.RetryingHMSHandler.getProxy(RetryingHMSHandler.java:92)
	app//org.apache.hadoop.hive.metastore.HiveMetaStore.newRetryingHMSHandler(HiveMetaStore.java:6903)
	app//org.apache.hadoop.hive.metastore.HiveMetaStoreClient.<init>(HiveMetaStoreClient.java:163)
	app//org.apache.hadoop.hive.ql.metadata.SessionHiveMetaStoreClient.<init>(SessionHiveMetaStoreClient.java:70)
	jdk.internal.reflect.GeneratedConstructorAccessor374.newInstance(Unknown Source)
	java.base@17.0.19/jdk.internal.reflect.DelegatingConstructorAccessorImpl.newInstance(DelegatingConstructorAccessorImpl.java:45)
	java.base@17.0.19/java.lang.reflect.Constructor.newInstanceWithCaller(Constructor.java:500)
	java.base@17.0.19/java.lang.reflect.Constructor.newInstance(Constructor.java:481)
	app//org.apache.hadoop.hive.metastore.MetaStoreUtils.newInstance(MetaStoreUtils.java:1740)
	app//org.apache.hadoop.hive.metastore.RetryingMetaStoreClient.<init>(RetryingMetaStoreClient.java:83)
	app//org.apache.hadoop.hive.metastore.RetryingMetaStoreClient.getProxy(RetryingMetaStoreClient.java:133)
	app//org.apache.hadoop.hive.metastore.RetryingMetaStoreClient.getProxy(RetryingMetaStoreClient.java:104)
	app//org.apache.hadoop.hive.ql.metadata.Hive.createMetaStoreClient(Hive.java:3607)
	app//org.apache.hadoop.hive.ql.metadata.Hive.getMSC(Hive.java:3659)
	app//org.apache.hadoop.hive.ql.metadata.Hive.getMSC(Hive.java:3639)
	app//org.apache.hadoop.hive.ql.session.SessionState.unCacheDataNucleusClassLoaders(SessionState.java:1597)
	app//org.apache.hadoop.hive.ql.session.SessionState.close(SessionState.java:1586)
	app//org.apache.hive.service.cli.session.HiveSessionImpl.close(HiveSessionImpl.java:680)
	app//org.apache.hive.service.cli.session.HiveSessionImplwithUGI.close(HiveSessionImplwithUGI.java:87)
	jdk.internal.reflect.GeneratedMethodAccessor230.invoke(Unknown Source)
	java.base@17.0.19/jdk.internal.reflect.DelegatingMethodAccessorImpl.invoke(DelegatingMethodAccessorImpl.java:43)
	java.base@17.0.19/java.lang.reflect.Method.invoke(Method.java:569)
	app//org.apache.hive.service.cli.session.HiveSessionProxy.invoke(HiveSessionProxy.java:71)
	app//org.apache.hive.service.cli.session.HiveSessionProxy.lambda$invoke$0(HiveSessionProxy.java:58)
	app//org.apache.hive.service.cli.session.HiveSessionProxy$$Lambda$2943/0x00000183bc2ce340.run(Unknown Source)
	java.base@17.0.19/java.security.AccessController.executePrivileged(AccessController.java:814)
	java.base@17.0.19/java.security.AccessController.doPrivileged(AccessController.java:712)
	java.base@17.0.19/javax.security.auth.Subject.doAs(Subject.java:439)
	app//org.apache.hadoop.security.UserGroupInformation.doAs(UserGroupInformation.java:1953)
	app//org.apache.hive.service.cli.session.HiveSessionProxy.invoke(HiveSessionProxy.java:58)
	app/jdk.proxy2/jdk.proxy2.$Proxy96.close(Unknown Source)
	app//org.apache.hive.service.cli.session.SessionManager.closeSession(SessionManager.java:305)
	app//org.apache.spark.sql.hive.thriftserver.SparkSQLSessionManager.closeSession(SparkSQLSessionManager.scala:92)
	app//org.apache.hive.service.cli.CLIService.closeSession(CLIService.java:244)
	app//org.apache.hive.service.cli.thrift.ThriftCLIService.CloseSession(ThriftCLIService.java:427)
	app//org.apache.hive.service.rpc.thrift.TCLIService$Processor$CloseSession.getResult(TCLIService.java:1620)
	app//org.apache.hive.service.rpc.thrift.TCLIService$Processor$CloseSession.getResult(TCLIService.java:1600)
	app//org.apache.thrift.ProcessFunction.process(ProcessFunction.java:38)
	app//org.apache.thrift.TBaseProcessor.process(TBaseProcessor.java:38)
	app//org.apache.hive.service.auth.TSetIpAddressProcessor.process(TSetIpAddressProcessor.java:53)
	app//org.apache.thrift.server.TThreadPoolServer$WorkerProcess.run(TThreadPoolServer.java:250)
	java.base@17.0.19/java.util.concurrent.ThreadPoolExecutor.runWorker(ThreadPoolExecutor.java:1136)
	java.base@17.0.19/java.util.concurrent.ThreadPoolExecutor$Worker.run(ThreadPoolExecutor.java:635)
	java.base@17.0.19/java.lang.Thread.run(Thread.java:840)

Thread name=org.apache.hadoop.fs.FileSystem$Statistics$StatisticsDataReferenceCleaner id=90 priority=5 state=WAITING isdaemon=true
	java.base@17.0.19/java.lang.Object.wait(Native Method)
	java.base@17.0.19/java.lang.ref.ReferenceQueue.remove(ReferenceQueue.java:155)
	java.base@17.0.19/java.lang.ref.ReferenceQueue.remove(ReferenceQueue.java:176)
	app//org.apache.hadoop.fs.FileSystem$Statistics$StatisticsDataReferenceCleaner.run(FileSystem.java:4171)
	java.base@17.0.19/java.lang.Thread.run(Thread.java:840)

Thread name=shuffle-client-5-4 id=3836 priority=5 state=TIMED_WAITING isdaemon=true
	java.base@17.0.19/java.lang.Thread.sleep(Native Method)
	app//io.netty.util.concurrent.SingleThreadEventExecutor.confirmShutdown(SingleThreadEventExecutor.java:836)
	app//io.netty.channel.SingleThreadIoEventLoop.run(SingleThreadIoEventLoop.java:183)
	app//io.netty.util.concurrent.SingleThreadEventExecutor$5.run(SingleThreadEventExecutor.java:1073)
	app//io.netty.util.internal.ThreadExecutorMap$2.run(ThreadExecutorMap.java:74)
	app//io.netty.util.concurrent.FastThreadLocalRunnable.run(FastThreadLocalRunnable.java:30)
	java.base@17.0.19/java.lang.Thread.run(Thread.java:840)

Thread name=derby.rawStoreDaemon id=103 priority=5 state=TIMED_WAITING isdaemon=true
	java.base@17.0.19/java.lang.Object.wait(Native Method)
	app//org.apache.derby.impl.services.daemon.BasicDaemon.rest(BasicDaemon.java:577)
	app//org.apache.derby.impl.services.daemon.BasicDaemon.run(BasicDaemon.java:391)
	java.base@17.0.19/java.lang.Thread.run(Thread.java:840)

Thread name=Timer-0 id=102 priority=5 state=WAITING isdaemon=true
	java.base@17.0.19/java.lang.Object.wait(Native Method)
	java.base@17.0.19/java.lang.Object.wait(Object.java:338)
	java.base@17.0.19/java.util.TimerThread.mainLoop(Timer.java:537)
	java.base@17.0.19/java.util.TimerThread.run(Timer.java:516)

Thread name=shuffle-server-7-4 id=3828 priority=5 state=TIMED_WAITING isdaemon=true
	java.base@17.0.19/java.lang.Thread.sleep(Native Method)
	app//io.netty.util.concurrent.SingleThreadEventExecutor.confirmShutdown(SingleThreadEventExecutor.java:836)
	app//io.netty.channel.SingleThreadIoEventLoop.run(SingleThreadIoEventLoop.java:183)
	app//io.netty.util.concurrent.SingleThreadEventExecutor$5.run(SingleThreadEventExecutor.java:1073)
	app//io.netty.util.internal.ThreadExecutorMap$2.run(ThreadExecutorMap.java:74)
	app//io.netty.util.concurrent.FastThreadLocalRunnable.run(FastThreadLocalRunnable.java:30)
	java.base@17.0.19/java.lang.Thread.run(Thread.java:840)

Thread name=dispatcher-event-loop-5 id=52 priority=5 state=WAITING isdaemon=true
	java.base@17.0.19/jdk.internal.misc.Unsafe.park(Native Method)
	java.base@17.0.19/java.util.concurrent.locks.LockSupport.park(LockSupport.java:341)
	java.base@17.0.19/java.util.concurrent.locks.AbstractQueuedSynchronizer$ConditionNode.block(AbstractQueuedSynchronizer.java:506)
	java.base@17.0.19/java.util.concurrent.ForkJoinPool.unmanagedBlock(ForkJoinPool.java:3465)
	java.base@17.0.19/java.util.concurrent.ForkJoinPool.managedBlock(ForkJoinPool.java:3436)
	java.base@17.0.19/java.util.concurrent.locks.AbstractQueuedSynchronizer$ConditionObject.await(AbstractQueuedSynchronizer.java:1630)
	java.base@17.0.19/java.util.concurrent.LinkedBlockingQueue.take(LinkedBlockingQueue.java:435)
	app//org.apache.spark.rpc.netty.MessageLoop.org$apache$spark$rpc$netty$MessageLoop$$receiveLoop(MessageLoop.scala:70)
	app//org.apache.spark.rpc.netty.MessageLoop$$anon$1.run(MessageLoop.scala:42)
	java.base@17.0.19/java.util.concurrent.ThreadPoolExecutor.runWorker(ThreadPoolExecutor.java:1136)
	java.base@17.0.19/java.util.concurrent.ThreadPoolExecutor$Worker.run(ThreadPoolExecutor.java:635)
	java.base@17.0.19/java.lang.Thread.run(Thread.java:840)

Thread name=shutdown-hook-0 id=3824 priority=5 state=TIMED_WAITING isdaemon=true
	java.base@17.0.19/java.lang.ClassLoader.defineClass0(Native Method)
	java.base@17.0.19/java.lang.System$2.defineClass(System.java:2324)
	java.base@17.0.19/java.lang.invoke.MethodHandles$Lookup$ClassDefiner.defineClass(MethodHandles.java:2439)
	java.base@17.0.19/java.lang.invoke.MethodHandles$Lookup$ClassDefiner.defineClassAsLookup(MethodHandles.java:2420)
	java.base@17.0.19/java.lang.invoke.MethodHandles$Lookup.defineHiddenClass(MethodHandles.java:2127)
	java.base@17.0.19/java.lang.invoke.InnerClassLambdaMetafactory.generateInnerClass(InnerClassLambdaMetafactory.java:407)
	java.base@17.0.19/java.lang.invoke.InnerClassLambdaMetafactory.spinInnerClass(InnerClassLambdaMetafactory.java:315)
	java.base@17.0.19/java.lang.invoke.InnerClassLambdaMetafactory.buildCallSite(InnerClassLambdaMetafactory.java:228)
	java.base@17.0.19/java.lang.invoke.LambdaMetafactory.altMetafactory(LambdaMetafactory.java:536)
	java.base@17.0.19/java.lang.invoke.DirectMethodHandle$Holder.invokeStatic(DirectMethodHandle$Holder)
	java.base@17.0.19/java.lang.invoke.DelegatingMethodHandle$Holder.delegate(DelegatingMethodHandle$Holder)
	java.base@17.0.19/java.lang.invoke.LambdaForm$MH/0x00000183bb219000.invokeExact_MT(LambdaForm$MH)
	java.base@17.0.19/java.lang.invoke.BootstrapMethodInvoker.invoke(BootstrapMethodInvoker.java:147)
	java.base@17.0.19/java.lang.invoke.CallSite.makeSite(CallSite.java:315)
	java.base@17.0.19/java.lang.invoke.MethodHandleNatives.linkCallSiteImpl(MethodHandleNatives.java:281)
	java.base@17.0.19/java.lang.invoke.MethodHandleNatives.linkCallSite(MethodHandleNatives.java:271)
	app//org.apache.spark.storage.memory.MemoryStore.clear(MemoryStore.scala:451)
	app//org.apache.spark.storage.BlockManager.stop(BlockManager.scala:2196)
	app//org.apache.spark.SparkEnv.stop(SparkEnv.scala:118)
	app//org.apache.spark.SparkContext.$anonfun$stop$25(SparkContext.scala:2406)
	app//org.apache.spark.SparkContext$$Lambda$5839/0x00000183bc855948.apply$mcV$sp(Unknown Source)
	app//org.apache.spark.util.Utils$.tryLogNonFatalError(Utils.scala:1314)
	app//org.apache.spark.SparkContext.stop(SparkContext.scala:2406)
	app//org.apache.spark.SparkContext.stop(SparkContext.scala:2308)
	app//org.apache.spark.SparkContext.$anonfun$new$37(SparkContext.scala:712)
	app//org.apache.spark.SparkContext$$Lambda$1643/0x00000183bb970678.apply$mcV$sp(Unknown Source)
	app//org.apache.spark.util.SparkShutdownHook.run(ShutdownHookManager.scala:231)
	app//org.apache.spark.util.SparkShutdownHookManager.$anonfun$runAll$2(ShutdownHookManager.scala:205)
	app//org.apache.spark.util.SparkShutdownHookManager$$Lambda$5771/0x00000183bc89e7b0.apply$mcV$sp(Unknown Source)
	app//scala.runtime.java8.JFunction0$mcV$sp.apply(JFunction0$mcV$sp.scala:18)
	app//org.apache.spark.util.Utils$.logUncaughtExceptions(Utils.scala:1941)
	app//org.apache.spark.util.SparkShutdownHookManager.$anonfun$runAll$1(ShutdownHookManager.scala:205)
	app//org.apache.spark.util.SparkShutdownHookManager$$Lambda$5770/0x00000183bc89e4d8.apply$mcV$sp(Unknown Source)
	app//scala.runtime.java8.JFunction0$mcV$sp.apply(JFunction0$mcV$sp.scala:18)
	app//scala.util.Try$.apply(Try.scala:217)
	app//org.apache.spark.util.SparkShutdownHookManager.runAll(ShutdownHookManager.scala:205)
	app//org.apache.spark.util.SparkShutdownHookManager$$anon$2.run(ShutdownHookManager.scala:184)
	java.base@17.0.19/java.util.concurrent.Executors$RunnableAdapter.call(Executors.java:539)
	java.base@17.0.19/java.util.concurrent.FutureTask.run(FutureTask.java:264)
	java.base@17.0.19/java.util.concurrent.ThreadPoolExecutor.runWorker(ThreadPoolExecutor.java:1136)
	java.base@17.0.19/java.util.concurrent.ThreadPoolExecutor$Worker.run(ThreadPoolExecutor.java:635)
	java.base@17.0.19/java.lang.Thread.run(Thread.java:840)

Thread name=Cleaner-0 id=98 priority=8 state=TIMED_WAITING isdaemon=true
	java.base@17.0.19/java.lang.Object.wait(Native Method)
	java.base@17.0.19/java.lang.ref.ReferenceQueue.remove(ReferenceQueue.java:155)
	java.base@17.0.19/jdk.internal.ref.CleanerImpl.run(CleanerImpl.java:140)
	java.base@17.0.19/java.lang.Thread.run(Thread.java:840)
	java.base@17.0.19/jdk.internal.misc.InnocuousThread.run(InnocuousThread.java:162)

Thread name=shuffle-boss-6-1 id=84 priority=5 state=TIMED_WAITING isdaemon=true
	java.base@17.0.19/java.lang.Thread.sleep(Native Method)
	app//io.netty.util.concurrent.SingleThreadEventExecutor.confirmShutdown(SingleThreadEventExecutor.java:836)
	app//io.netty.channel.SingleThreadIoEventLoop.run(SingleThreadIoEventLoop.java:183)
	app//io.netty.util.concurrent.SingleThreadEventExecutor$5.run(SingleThreadEventExecutor.java:1073)
	app//io.netty.util.internal.ThreadExecutorMap$2.run(ThreadExecutorMap.java:74)
	app//io.netty.util.concurrent.FastThreadLocalRunnable.run(FastThreadLocalRunnable.java:30)
	java.base@17.0.19/java.lang.Thread.run(Thread.java:840)

Thread name=ThriftBinaryCLIService id=95 priority=5 state=TIMED_WAITING isdaemon=false
	java.base@17.0.19/jdk.internal.misc.Unsafe.park(Native Method)
	java.base@17.0.19/java.util.concurrent.locks.LockSupport.parkNanos(LockSupport.java:252)
	java.base@17.0.19/java.util.concurrent.locks.AbstractQueuedSynchronizer$ConditionObject.awaitNanos(AbstractQueuedSynchronizer.java:1679)
	java.base@17.0.19/java.util.concurrent.ThreadPoolExecutor.awaitTermination(ThreadPoolExecutor.java:1464)
	app//org.apache.thrift.server.TThreadPoolServer.waitForShutdown(TThreadPoolServer.java:181)
	app//org.apache.thrift.server.TThreadPoolServer.serve(TThreadPoolServer.java:145)
	app//org.apache.hive.service.cli.thrift.ThriftBinaryCLIService.run(ThriftBinaryCLIService.java:130)
	java.base@17.0.19/java.lang.Thread.run(Thread.java:840)

Thread name=HiveServer2-Handler-Pool: Thread-134 id=134 priority=5 state=WAITING isdaemon=false
	java.base@17.0.19/jdk.internal.misc.Unsafe.park(Native Method)
	java.base@17.0.19/java.util.concurrent.locks.LockSupport.park(LockSupport.java:211)
	java.base@17.0.19/java.util.concurrent.locks.AbstractQueuedSynchronizer.acquire(AbstractQueuedSynchronizer.java:715)
	java.base@17.0.19/java.util.concurrent.locks.AbstractQueuedSynchronizer.acquire(AbstractQueuedSynchronizer.java:938)
	java.base@17.0.19/java.util.concurrent.locks.ReentrantLock$Sync.lock(ReentrantLock.java:153)
	java.base@17.0.19/java.util.concurrent.locks.ReentrantLock.lock(ReentrantLock.java:322)
	app//org.apache.hadoop.hive.metastore.ObjectStore.setConf(ObjectStore.java:277)
	jdk.internal.reflect.GeneratedMethodAccessor231.invoke(Unknown Source)
	java.base@17.0.19/jdk.internal.reflect.DelegatingMethodAccessorImpl.invoke(DelegatingMethodAccessorImpl.java:43)
	java.base@17.0.19/java.lang.reflect.Method.invoke(Method.java:569)
	app//org.apache.hadoop.hive.metastore.RawStoreProxy.invoke(RawStoreProxy.java:101)
	app/jdk.proxy2/jdk.proxy2.$Proxy82.setConf(Unknown Source)
	app//org.apache.hadoop.hive.metastore.HiveMetaStore$HMSHandler.setConf(HiveMetaStore.java:522)
	app//org.apache.hadoop.hive.metastore.RetryingHMSHandler.<init>(RetryingHMSHandler.java:68)
	app//org.apache.hadoop.hive.metastore.RetryingHMSHandler.getProxy(RetryingHMSHandler.java:92)
	app//org.apache.hadoop.hive.metastore.HiveMetaStore.newRetryingHMSHandler(HiveMetaStore.java:6903)
	app//org.apache.hadoop.hive.metastore.HiveMetaStoreClient.<init>(HiveMetaStoreClient.java:163)
	app//org.apache.hadoop.hive.ql.metadata.SessionHiveMetaStoreClient.<init>(SessionHiveMetaStoreClient.java:70)
	jdk.internal.reflect.GeneratedConstructorAccessor374.newInstance(Unknown Source)
	java.base@17.0.19/jdk.internal.reflect.DelegatingConstructorAccessorImpl.newInstance(DelegatingConstructorAccessorImpl.java:45)
	java.base@17.0.19/java.lang.reflect.Constructor.newInstanceWithCaller(Constructor.java:500)
	java.base@17.0.19/java.lang.reflect.Constructor.newInstance(Constructor.java:481)
	app//org.apache.hadoop.hive.metastore.MetaStoreUtils.newInstance(MetaStoreUtils.java:1740)
	app//org.apache.hadoop.hive.metastore.RetryingMetaStoreClient.<init>(RetryingMetaStoreClient.java:83)
	app//org.apache.hadoop.hive.metastore.RetryingMetaStoreClient.getProxy(RetryingMetaStoreClient.java:133)
	app//org.apache.hadoop.hive.metastore.RetryingMetaStoreClient.getProxy(RetryingMetaStoreClient.java:104)
	app//org.apache.hadoop.hive.ql.metadata.Hive.createMetaStoreClient(Hive.java:3607)
	app//org.apache.hadoop.hive.ql.metadata.Hive.getMSC(Hive.java:3659)
	app//org.apache.hadoop.hive.ql.metadata.Hive.getMSC(Hive.java:3639)
	app//org.apache.hadoop.hive.ql.session.SessionState.unCacheDataNucleusClassLoaders(SessionState.java:1597)
	app//org.apache.hadoop.hive.ql.session.SessionState.close(SessionState.java:1586)
	app//org.apache.hive.service.cli.session.HiveSessionImpl.close(HiveSessionImpl.java:680)
	app//org.apache.hive.service.cli.session.HiveSessionImplwithUGI.close(HiveSessionImplwithUGI.java:87)
	jdk.internal.reflect.GeneratedMethodAccessor230.invoke(Unknown Source)
	java.base@17.0.19/jdk.internal.reflect.DelegatingMethodAccessorImpl.invoke(DelegatingMethodAccessorImpl.java:43)
	java.base@17.0.19/java.lang.reflect.Method.invoke(Method.java:569)
	app//org.apache.hive.service.cli.session.HiveSessionProxy.invoke(HiveSessionProxy.java:71)
	app//org.apache.hive.service.cli.session.HiveSessionProxy.lambda$invoke$0(HiveSessionProxy.java:58)
	app//org.apache.hive.service.cli.session.HiveSessionProxy$$Lambda$2943/0x00000183bc2ce340.run(Unknown Source)
	java.base@17.0.19/java.security.AccessController.executePrivileged(AccessController.java:814)
	java.base@17.0.19/java.security.AccessController.doPrivileged(AccessController.java:712)
	java.base@17.0.19/javax.security.auth.Subject.doAs(Subject.java:439)
	app//org.apache.hadoop.security.UserGroupInformation.doAs(UserGroupInformation.java:1953)
	app//org.apache.hive.service.cli.session.HiveSessionProxy.invoke(HiveSessionProxy.java:58)
	app/jdk.proxy2/jdk.proxy2.$Proxy96.close(Unknown Source)
	app//org.apache.hive.service.cli.session.SessionManager.closeSession(SessionManager.java:305)
	app//org.apache.spark.sql.hive.thriftserver.SparkSQLSessionManager.closeSession(SparkSQLSessionManager.scala:92)
	app//org.apache.hive.service.cli.CLIService.closeSession(CLIService.java:244)
	app//org.apache.hive.service.cli.thrift.ThriftCLIService.CloseSession(ThriftCLIService.java:427)
	app//org.apache.hive.service.rpc.thrift.TCLIService$Processor$CloseSession.getResult(TCLIService.java:1620)
	app//org.apache.hive.service.rpc.thrift.TCLIService$Processor$CloseSession.getResult(TCLIService.java:1600)
	app//org.apache.thrift.ProcessFunction.process(ProcessFunction.java:38)
	app//org.apache.thrift.TBaseProcessor.process(TBaseProcessor.java:38)
	app//org.apache.hive.service.auth.TSetIpAddressProcessor.process(TSetIpAddressProcessor.java:53)
	app//org.apache.thrift.server.TThreadPoolServer$WorkerProcess.run(TThreadPoolServer.java:250)
	java.base@17.0.19/java.util.concurrent.ThreadPoolExecutor.runWorker(ThreadPoolExecutor.java:1136)
	java.base@17.0.19/java.util.concurrent.ThreadPoolExecutor$Worker.run(ThreadPoolExecutor.java:635)
	java.base@17.0.19/java.lang.Thread.run(Thread.java:840)

Thread name=shuffle-client-5-8 id=3840 priority=5 state=TIMED_WAITING isdaemon=true
	java.base@17.0.19/java.lang.Thread.sleep(Native Method)
	app//io.netty.util.concurrent.SingleThreadEventExecutor.confirmShutdown(SingleThreadEventExecutor.java:836)
	app//io.netty.channel.SingleThreadIoEventLoop.run(SingleThreadIoEventLoop.java:183)
	app//io.netty.util.concurrent.SingleThreadEventExecutor$5.run(SingleThreadEventExecutor.java:1073)
	app//io.netty.util.internal.ThreadExecutorMap$2.run(ThreadExecutorMap.java:74)
	app//io.netty.util.concurrent.FastThreadLocalRunnable.run(FastThreadLocalRunnable.java:30)
	java.base@17.0.19/java.lang.Thread.run(Thread.java:840)

Thread name=HiveServer2-Handler-Pool: Thread-131 id=131 priority=5 state=WAITING isdaemon=false
	java.base@17.0.19/jdk.internal.misc.Unsafe.park(Native Method)
	java.base@17.0.19/java.util.concurrent.locks.LockSupport.park(LockSupport.java:211)
	java.base@17.0.19/java.util.concurrent.locks.AbstractQueuedSynchronizer.acquire(AbstractQueuedSynchronizer.java:715)
	java.base@17.0.19/java.util.concurrent.locks.AbstractQueuedSynchronizer.acquire(AbstractQueuedSynchronizer.java:938)
	java.base@17.0.19/java.util.concurrent.locks.ReentrantLock$Sync.lock(ReentrantLock.java:153)
	java.base@17.0.19/java.util.concurrent.locks.ReentrantLock.lock(ReentrantLock.java:322)
	app//org.apache.hadoop.hive.metastore.ObjectStore.setConf(ObjectStore.java:277)
	jdk.internal.reflect.GeneratedMethodAccessor231.invoke(Unknown Source)
	java.base@17.0.19/jdk.internal.reflect.DelegatingMethodAccessorImpl.invoke(DelegatingMethodAccessorImpl.java:43)
	java.base@17.0.19/java.lang.reflect.Method.invoke(Method.java:569)
	app//org.apache.hadoop.hive.metastore.RawStoreProxy.invoke(RawStoreProxy.java:101)
	app/jdk.proxy2/jdk.proxy2.$Proxy82.setConf(Unknown Source)
	app//org.apache.hadoop.hive.metastore.HiveMetaStore$HMSHandler.setConf(HiveMetaStore.java:522)
	app//org.apache.hadoop.hive.metastore.RetryingHMSHandler.<init>(RetryingHMSHandler.java:68)
	app//org.apache.hadoop.hive.metastore.RetryingHMSHandler.getProxy(RetryingHMSHandler.java:92)
	app//org.apache.hadoop.hive.metastore.HiveMetaStore.newRetryingHMSHandler(HiveMetaStore.java:6903)
	app//org.apache.hadoop.hive.metastore.HiveMetaStoreClient.<init>(HiveMetaStoreClient.java:163)
	app//org.apache.hadoop.hive.ql.metadata.SessionHiveMetaStoreClient.<init>(SessionHiveMetaStoreClient.java:70)
	jdk.internal.reflect.GeneratedConstructorAccessor374.newInstance(Unknown Source)
	java.base@17.0.19/jdk.internal.reflect.DelegatingConstructorAccessorImpl.newInstance(DelegatingConstructorAccessorImpl.java:45)
	java.base@17.0.19/java.lang.reflect.Constructor.newInstanceWithCaller(Constructor.java:500)
	java.base@17.0.19/java.lang.reflect.Constructor.newInstance(Constructor.java:481)
	app//org.apache.hadoop.hive.metastore.MetaStoreUtils.newInstance(MetaStoreUtils.java:1740)
	app//org.apache.hadoop.hive.metastore.RetryingMetaStoreClient.<init>(RetryingMetaStoreClient.java:83)
	app//org.apache.hadoop.hive.metastore.RetryingMetaStoreClient.getProxy(RetryingMetaStoreClient.java:133)
	app//org.apache.hadoop.hive.metastore.RetryingMetaStoreClient.getProxy(RetryingMetaStoreClient.java:104)
	app//org.apache.hadoop.hive.ql.metadata.Hive.createMetaStoreClient(Hive.java:3607)
	app//org.apache.hadoop.hive.ql.metadata.Hive.getMSC(Hive.java:3659)
	app//org.apache.hadoop.hive.ql.metadata.Hive.getMSC(Hive.java:3639)
	app//org.apache.hadoop.hive.ql.session.SessionState.unCacheDataNucleusClassLoaders(SessionState.java:1597)
	app//org.apache.hadoop.hive.ql.session.SessionState.close(SessionState.java:1586)
	app//org.apache.hive.service.cli.session.HiveSessionImpl.close(HiveSessionImpl.java:680)
	app//org.apache.hive.service.cli.session.HiveSessionImplwithUGI.close(HiveSessionImplwithUGI.java:87)
	jdk.internal.reflect.GeneratedMethodAccessor230.invoke(Unknown Source)
	java.base@17.0.19/jdk.internal.reflect.DelegatingMethodAccessorImpl.invoke(DelegatingMethodAccessorImpl.java:43)
	java.base@17.0.19/java.lang.reflect.Method.invoke(Method.java:569)
	app//org.apache.hive.service.cli.session.HiveSessionProxy.invoke(HiveSessionProxy.java:71)
	app//org.apache.hive.service.cli.session.HiveSessionProxy.lambda$invoke$0(HiveSessionProxy.java:58)
	app//org.apache.hive.service.cli.session.HiveSessionProxy$$Lambda$2943/0x00000183bc2ce340.run(Unknown Source)
	java.base@17.0.19/java.security.AccessController.executePrivileged(AccessController.java:814)
	java.base@17.0.19/java.security.AccessController.doPrivileged(AccessController.java:712)
	java.base@17.0.19/javax.security.auth.Subject.doAs(Subject.java:439)
	app//org.apache.hadoop.security.UserGroupInformation.doAs(UserGroupInformation.java:1953)
	app//org.apache.hive.service.cli.session.HiveSessionProxy.invoke(HiveSessionProxy.java:58)
	app/jdk.proxy2/jdk.proxy2.$Proxy96.close(Unknown Source)
	app//org.apache.hive.service.cli.session.SessionManager.closeSession(SessionManager.java:305)
	app//org.apache.spark.sql.hive.thriftserver.SparkSQLSessionManager.closeSession(SparkSQLSessionManager.scala:92)
	app//org.apache.hive.service.cli.CLIService.closeSession(CLIService.java:244)
	app//org.apache.hive.service.cli.thrift.ThriftCLIService$1.deleteContext(ThriftCLIService.java:121)
	app//org.apache.thrift.server.TThreadPoolServer$WorkerProcess.run(TThreadPoolServer.java:264)
	java.base@17.0.19/java.util.concurrent.ThreadPoolExecutor.runWorker(ThreadPoolExecutor.java:1136)
	java.base@17.0.19/java.util.concurrent.ThreadPoolExecutor$Worker.run(ThreadPoolExecutor.java:635)
	java.base@17.0.19/java.lang.Thread.run(Thread.java:840)

Thread name=shuffle-client-5-7 id=3839 priority=5 state=TIMED_WAITING isdaemon=true
	java.base@17.0.19/java.lang.Thread.sleep(Native Method)
	app//io.netty.util.concurrent.SingleThreadEventExecutor.confirmShutdown(SingleThreadEventExecutor.java:836)
	app//io.netty.channel.SingleThreadIoEventLoop.run(SingleThreadIoEventLoop.java:183)
	app//io.netty.util.concurrent.SingleThreadEventExecutor$5.run(SingleThreadEventExecutor.java:1073)
	app//io.netty.util.internal.ThreadExecutorMap$2.run(ThreadExecutorMap.java:74)
	app//io.netty.util.concurrent.FastThreadLocalRunnable.run(FastThreadLocalRunnable.java:30)
	java.base@17.0.19/java.lang.Thread.run(Thread.java:840)

Thread name=derby.rawStoreDaemon id=296 priority=5 state=TIMED_WAITING isdaemon=true
	java.base@17.0.19/java.lang.Object.wait(Native Method)
	app//org.apache.derby.impl.services.daemon.BasicDaemon.rest(BasicDaemon.java:577)
	app//org.apache.derby.impl.services.daemon.BasicDaemon.run(BasicDaemon.java:391)
	java.base@17.0.19/java.lang.Thread.run(Thread.java:840)

Thread name=RMI TCP Accept-0 id=17 priority=5 state=RUNNABLE isdaemon=true
	java.base@17.0.19/sun.nio.ch.Net.accept(Native Method)
	java.base@17.0.19/sun.nio.ch.NioSocketImpl.accept(NioSocketImpl.java:760)
	java.base@17.0.19/java.net.ServerSocket.implAccept(ServerSocket.java:675)
	java.base@17.0.19/java.net.ServerSocket.platformImplAccept(ServerSocket.java:641)
	java.base@17.0.19/java.net.ServerSocket.implAccept(ServerSocket.java:617)
	java.base@17.0.19/java.net.ServerSocket.implAccept(ServerSocket.java:574)
	java.base@17.0.19/java.net.ServerSocket.accept(ServerSocket.java:532)
	jdk.management.agent@17.0.19/sun.management.jmxremote.LocalRMIServerSocketFactory$1.accept(LocalRMIServerSocketFactory.java:52)
	java.rmi@17.0.19/sun.rmi.transport.tcp.TCPTransport$AcceptLoop.executeAcceptLoop(TCPTransport.java:413)
	java.rmi@17.0.19/sun.rmi.transport.tcp.TCPTransport$AcceptLoop.run(TCPTransport.java:377)
	java.base@17.0.19/java.lang.Thread.run(Thread.java:840)

Thread name=dispatcher-event-loop-4 id=51 priority=5 state=WAITING isdaemon=true
	java.base@17.0.19/jdk.internal.misc.Unsafe.park(Native Method)
	java.base@17.0.19/java.util.concurrent.locks.LockSupport.park(LockSupport.java:341)
	java.base@17.0.19/java.util.concurrent.locks.AbstractQueuedSynchronizer$ConditionNode.block(AbstractQueuedSynchronizer.java:506)
	java.base@17.0.19/java.util.concurrent.ForkJoinPool.unmanagedBlock(ForkJoinPool.java:3465)
	java.base@17.0.19/java.util.concurrent.ForkJoinPool.managedBlock(ForkJoinPool.java:3436)
	java.base@17.0.19/java.util.concurrent.locks.AbstractQueuedSynchronizer$ConditionObject.await(AbstractQueuedSynchronizer.java:1630)
	java.base@17.0.19/java.util.concurrent.LinkedBlockingQueue.take(LinkedBlockingQueue.java:435)
	app//org.apache.spark.rpc.netty.MessageLoop.org$apache$spark$rpc$netty$MessageLoop$$receiveLoop(MessageLoop.scala:70)
	app//org.apache.spark.rpc.netty.MessageLoop$$anon$1.run(MessageLoop.scala:42)
	java.base@17.0.19/java.util.concurrent.ThreadPoolExecutor.runWorker(ThreadPoolExecutor.java:1136)
	java.base@17.0.19/java.util.concurrent.ThreadPoolExecutor$Worker.run(ThreadPoolExecutor.java:635)
	java.base@17.0.19/java.lang.Thread.run(Thread.java:840)

Thread name=shuffle-client-5-3 id=3835 priority=5 state=TIMED_WAITING isdaemon=true
	java.base@17.0.19/java.lang.Thread.sleep(Native Method)
	app//io.netty.util.concurrent.SingleThreadEventExecutor.confirmShutdown(SingleThreadEventExecutor.java:836)
	app//io.netty.channel.SingleThreadIoEventLoop.run(SingleThreadIoEventLoop.java:183)
	app//io.netty.util.concurrent.SingleThreadEventExecutor$5.run(SingleThreadEventExecutor.java:1073)
	app//io.netty.util.internal.ThreadExecutorMap$2.run(ThreadExecutorMap.java:74)
	app//io.netty.util.concurrent.FastThreadLocalRunnable.run(FastThreadLocalRunnable.java:30)
	java.base@17.0.19/java.lang.Thread.run(Thread.java:840)

Thread name=HiveServer2-Handler-Pool: Thread-133 id=133 priority=5 state=RUNNABLE isdaemon=false
	java.base@17.0.19/java.lang.Thread.dumpThreads(Native Method)
	java.base@17.0.19/java.lang.Thread.getAllStackTraces(Thread.java:1671)
	app//org.apache.derby.shared.common.sanity.ThreadDump.getStackDumpString(ThreadDump.java:34)
	java.base@17.0.19/jdk.internal.reflect.NativeMethodAccessorImpl.invoke0(Native Method)
	java.base@17.0.19/jdk.internal.reflect.NativeMethodAccessorImpl.invoke(NativeMethodAccessorImpl.java:77)
	java.base@17.0.19/jdk.internal.reflect.DelegatingMethodAccessorImpl.invoke(DelegatingMethodAccessorImpl.java:43)
	java.base@17.0.19/java.lang.reflect.Method.invoke(Method.java:569)
	app//org.apache.derby.shared.common.error.ExceptionUtil.dumpThreads(ExceptionUtil.java:159)
	app//org.apache.derby.iapi.services.context.ContextManager.cleanupOnError(ContextManager.java:356)
	app//org.apache.derby.impl.jdbc.TransactionResourceImpl.cleanupOnError(TransactionResourceImpl.java:469)
	app//org.apache.derby.impl.jdbc.TransactionResourceImpl.handleException(TransactionResourceImpl.java:351)
	app//org.apache.derby.impl.jdbc.EmbedConnection.handleException(EmbedConnection.java:2400)
	app//org.apache.derby.impl.jdbc.ConnectionChild.handleException(ConnectionChild.java:86)
	app//org.apache.derby.impl.jdbc.EmbedResultSet.closeOnTransactionError(EmbedResultSet.java:4660)
	app//org.apache.derby.impl.jdbc.EmbedResultSet.movePosition(EmbedResultSet.java:487)
	app//org.apache.derby.impl.jdbc.EmbedResultSet.next(EmbedResultSet.java:391)
	app//org.apache.commons.dbcp.DelegatingResultSet.next(DelegatingResultSet.java:207)
	app//org.apache.commons.dbcp.DelegatingResultSet.next(DelegatingResultSet.java:207)
	app//org.datanucleus.store.rdbms.query.ForwardQueryResult.initialise(ForwardQueryResult.java:99)
	app//org.datanucleus.store.rdbms.query.JDOQLQuery.performExecute(JDOQLQuery.java:703)
	app//org.datanucleus.store.query.Query.executeQuery(Query.java:1855)
	app//org.datanucleus.store.query.Query.executeWithArray(Query.java:1744)
	app//org.datanucleus.store.query.Query.execute(Query.java:1726)
	app//org.datanucleus.api.jdo.JDOQuery.executeInternal(JDOQuery.java:374)
	app//org.datanucleus.api.jdo.JDOQuery.execute(JDOQuery.java:216)
	app//org.apache.hadoop.hive.metastore.MetaStoreDirectSql.ensureDbInit(MetaStoreDirectSql.java:181)
	app//org.apache.hadoop.hive.metastore.MetaStoreDirectSql.<init>(MetaStoreDirectSql.java:144)
	app//org.apache.hadoop.hive.metastore.ObjectStore.initializeHelper(ObjectStore.java:411)
	app//org.apache.hadoop.hive.metastore.ObjectStore.initialize(ObjectStore.java:343)
	app//org.apache.hadoop.hive.metastore.ObjectStore.setConf(ObjectStore.java:304)
	jdk.internal.reflect.GeneratedMethodAccessor231.invoke(Unknown Source)
	java.base@17.0.19/jdk.internal.reflect.DelegatingMethodAccessorImpl.invoke(DelegatingMethodAccessorImpl.java:43)
	java.base@17.0.19/java.lang.reflect.Method.invoke(Method.java:569)
	app//org.apache.hadoop.hive.metastore.RawStoreProxy.invoke(RawStoreProxy.java:101)
	app/jdk.proxy2/jdk.proxy2.$Proxy82.setConf(Unknown Source)
	app//org.apache.hadoop.hive.metastore.HiveMetaStore$HMSHandler.setConf(HiveMetaStore.java:522)
	app//org.apache.hadoop.hive.metastore.RetryingHMSHandler.<init>(RetryingHMSHandler.java:68)
	app//org.apache.hadoop.hive.metastore.RetryingHMSHandler.getProxy(RetryingHMSHandler.java:92)
	app//org.apache.hadoop.hive.metastore.HiveMetaStore.newRetryingHMSHandler(HiveMetaStore.java:6903)
	app//org.apache.hadoop.hive.metastore.HiveMetaStoreClient.<init>(HiveMetaStoreClient.java:163)
	app//org.apache.hadoop.hive.ql.metadata.SessionHiveMetaStoreClient.<init>(SessionHiveMetaStoreClient.java:70)
	jdk.internal.reflect.GeneratedConstructorAccessor374.newInstance(Unknown Source)
	java.base@17.0.19/jdk.internal.reflect.DelegatingConstructorAccessorImpl.newInstance(DelegatingConstructorAccessorImpl.java:45)
	java.base@17.0.19/java.lang.reflect.Constructor.newInstanceWithCaller(Constructor.java:500)
	java.base@17.0.19/java.lang.reflect.Constructor.newInstance(Constructor.java:481)
	app//org.apache.hadoop.hive.metastore.MetaStoreUtils.newInstance(MetaStoreUtils.java:1740)
	app//org.apache.hadoop.hive.metastore.RetryingMetaStoreClient.<init>(RetryingMetaStoreClient.java:83)
	app//org.apache.hadoop.hive.metastore.RetryingMetaStoreClient.getProxy(RetryingMetaStoreClient.java:133)
	app//org.apache.hadoop.hive.metastore.RetryingMetaStoreClient.getProxy(RetryingMetaStoreClient.java:104)
	app//org.apache.hadoop.hive.ql.metadata.Hive.createMetaStoreClient(Hive.java:3607)
	app//org.apache.hadoop.hive.ql.metadata.Hive.getMSC(Hive.java:3659)
	app//org.apache.hadoop.hive.ql.metadata.Hive.getMSC(Hive.java:3639)
	app//org.apache.hadoop.hive.ql.session.SessionState.unCacheDataNucleusClassLoaders(SessionState.java:1597)
	app//org.apache.hadoop.hive.ql.session.SessionState.close(SessionState.java:1586)
	app//org.apache.hive.service.cli.session.HiveSessionImpl.close(HiveSessionImpl.java:680)
	app//org.apache.hive.service.cli.session.HiveSessionImplwithUGI.close(HiveSessionImplwithUGI.java:87)
	jdk.internal.reflect.GeneratedMethodAccessor230.invoke(Unknown Source)
	java.base@17.0.19/jdk.internal.reflect.DelegatingMethodAccessorImpl.invoke(DelegatingMethodAccessorImpl.java:43)
	java.base@17.0.19/java.lang.reflect.Method.invoke(Method.java:569)
	app//org.apache.hive.service.cli.session.HiveSessionProxy.invoke(HiveSessionProxy.java:71)
	app//org.apache.hive.service.cli.session.HiveSessionProxy.lambda$invoke$0(HiveSessionProxy.java:58)
	app//org.apache.hive.service.cli.session.HiveSessionProxy$$Lambda$2943/0x00000183bc2ce340.run(Unknown Source)
	java.base@17.0.19/java.security.AccessController.executePrivileged(AccessController.java:814)
	java.base@17.0.19/java.security.AccessController.doPrivileged(AccessController.java:712)
	java.base@17.0.19/javax.security.auth.Subject.doAs(Subject.java:439)
	app//org.apache.hadoop.security.UserGroupInformation.doAs(UserGroupInformation.java:1953)
	app//org.apache.hive.service.cli.session.HiveSessionProxy.invoke(HiveSessionProxy.java:58)
	app/jdk.proxy2/jdk.proxy2.$Proxy96.close(Unknown Source)
	app//org.apache.hive.service.cli.session.SessionManager.closeSession(SessionManager.java:305)
	app//org.apache.spark.sql.hive.thriftserver.SparkSQLSessionManager.closeSession(SparkSQLSessionManager.scala:92)
	app//org.apache.hive.service.cli.CLIService.closeSession(CLIService.java:244)
	app//org.apache.hive.service.cli.thrift.ThriftCLIService$1.deleteContext(ThriftCLIService.java:121)
	app//org.apache.thrift.server.TThreadPoolServer$WorkerProcess.run(TThreadPoolServer.java:264)
	java.base@17.0.19/java.util.concurrent.ThreadPoolExecutor.runWorker(ThreadPoolExecutor.java:1136)
	java.base@17.0.19/java.util.concurrent.ThreadPoolExecutor$Worker.run(ThreadPoolExecutor.java:635)
	java.base@17.0.19/java.lang.Thread.run(Thread.java:840)

Thread name=HiveServer2-Handler-Pool: Thread-1861 id=1861 priority=5 state=WAITING isdaemon=false
	java.base@17.0.19/jdk.internal.misc.Unsafe.park(Native Method)
	java.base@17.0.19/java.util.concurrent.locks.LockSupport.park(LockSupport.java:211)
	java.base@17.0.19/java.util.concurrent.locks.AbstractQueuedSynchronizer.acquire(AbstractQueuedSynchronizer.java:715)
	java.base@17.0.19/java.util.concurrent.locks.AbstractQueuedSynchronizer.acquire(AbstractQueuedSynchronizer.java:938)
	java.base@17.0.19/java.util.concurrent.locks.ReentrantLock$Sync.lock(ReentrantLock.java:153)
	java.base@17.0.19/java.util.concurrent.locks.ReentrantLock.lock(ReentrantLock.java:322)
	app//org.apache.hadoop.hive.metastore.ObjectStore.setConf(ObjectStore.java:277)
	jdk.internal.reflect.GeneratedMethodAccessor231.invoke(Unknown Source)
	java.base@17.0.19/jdk.internal.reflect.DelegatingMethodAccessorImpl.invoke(DelegatingMethodAccessorImpl.java:43)
	java.base@17.0.19/java.lang.reflect.Method.invoke(Method.java:569)
	app//org.apache.hadoop.hive.metastore.RawStoreProxy.invoke(RawStoreProxy.java:101)
	app/jdk.proxy2/jdk.proxy2.$Proxy82.setConf(Unknown Source)
	app//org.apache.hadoop.hive.metastore.HiveMetaStore$HMSHandler.setConf(HiveMetaStore.java:522)
	app//org.apache.hadoop.hive.metastore.RetryingHMSHandler.<init>(RetryingHMSHandler.java:68)
	app//org.apache.hadoop.hive.metastore.RetryingHMSHandler.getProxy(RetryingHMSHandler.java:92)
	app//org.apache.hadoop.hive.metastore.HiveMetaStore.newRetryingHMSHandler(HiveMetaStore.java:6903)
	app//org.apache.hadoop.hive.metastore.HiveMetaStoreClient.<init>(HiveMetaStoreClient.java:163)
	app//org.apache.hadoop.hive.ql.metadata.SessionHiveMetaStoreClient.<init>(SessionHiveMetaStoreClient.java:70)
	jdk.internal.reflect.GeneratedConstructorAccessor374.newInstance(Unknown Source)
	java.base@17.0.19/jdk.internal.reflect.DelegatingConstructorAccessorImpl.newInstance(DelegatingConstructorAccessorImpl.java:45)
	java.base@17.0.19/java.lang.reflect.Constructor.newInstanceWithCaller(Constructor.java:500)
	java.base@17.0.19/java.lang.reflect.Constructor.newInstance(Constructor.java:481)
	app//org.apache.hadoop.hive.metastore.MetaStoreUtils.newInstance(MetaStoreUtils.java:1740)
	app//org.apache.hadoop.hive.metastore.RetryingMetaStoreClient.<init>(RetryingMetaStoreClient.java:83)
	app//org.apache.hadoop.hive.metastore.RetryingMetaStoreClient.getProxy(RetryingMetaStoreClient.java:133)
	app//org.apache.hadoop.hive.metastore.RetryingMetaStoreClient.getProxy(RetryingMetaStoreClient.java:104)
	app//org.apache.hadoop.hive.ql.metadata.Hive.createMetaStoreClient(Hive.java:3607)
	app//org.apache.hadoop.hive.ql.metadata.Hive.getMSC(Hive.java:3659)
	app//org.apache.hadoop.hive.ql.metadata.Hive.getMSC(Hive.java:3639)
	app//org.apache.hadoop.hive.ql.session.SessionState.unCacheDataNucleusClassLoaders(SessionState.java:1597)
	app//org.apache.hadoop.hive.ql.session.SessionState.close(SessionState.java:1586)
	app//org.apache.hive.service.cli.session.HiveSessionImpl.close(HiveSessionImpl.java:680)
	app//org.apache.hive.service.cli.session.HiveSessionImplwithUGI.close(HiveSessionImplwithUGI.java:87)
	jdk.internal.reflect.GeneratedMethodAccessor230.invoke(Unknown Source)
	java.base@17.0.19/jdk.internal.reflect.DelegatingMethodAccessorImpl.invoke(DelegatingMethodAccessorImpl.java:43)
	java.base@17.0.19/java.lang.reflect.Method.invoke(Method.java:569)
	app//org.apache.hive.service.cli.session.HiveSessionProxy.invoke(HiveSessionProxy.java:71)
	app//org.apache.hive.service.cli.session.HiveSessionProxy.lambda$invoke$0(HiveSessionProxy.java:58)
	app//org.apache.hive.service.cli.session.HiveSessionProxy$$Lambda$2943/0x00000183bc2ce340.run(Unknown Source)
	java.base@17.0.19/java.security.AccessController.executePrivileged(AccessController.java:814)
	java.base@17.0.19/java.security.AccessController.doPrivileged(AccessController.java:712)
	java.base@17.0.19/javax.security.auth.Subject.doAs(Subject.java:439)
	app//org.apache.hadoop.security.UserGroupInformation.doAs(UserGroupInformation.java:1953)
	app//org.apache.hive.service.cli.session.HiveSessionProxy.invoke(HiveSessionProxy.java:58)
	app/jdk.proxy2/jdk.proxy2.$Proxy96.close(Unknown Source)
	app//org.apache.hive.service.cli.session.SessionManager.closeSession(SessionManager.java:305)
	app//org.apache.spark.sql.hive.thriftserver.SparkSQLSessionManager.closeSession(SparkSQLSessionManager.scala:92)
	app//org.apache.hive.service.cli.CLIService.closeSession(CLIService.java:244)
	app//org.apache.hive.service.cli.thrift.ThriftCLIService.CloseSession(ThriftCLIService.java:427)
	app//org.apache.hive.service.rpc.thrift.TCLIService$Processor$CloseSession.getResult(TCLIService.java:1620)
	app//org.apache.hive.service.rpc.thrift.TCLIService$Processor$CloseSession.getResult(TCLIService.java:1600)
	app//org.apache.thrift.ProcessFunction.process(ProcessFunction.java:38)
	app//org.apache.thrift.TBaseProcessor.process(TBaseProcessor.java:38)
	app//org.apache.hive.service.auth.TSetIpAddressProcessor.process(TSetIpAddressProcessor.java:53)
	app//org.apache.thrift.server.TThreadPoolServer$WorkerProcess.run(TThreadPoolServer.java:250)
	java.base@17.0.19/java.util.concurrent.ThreadPoolExecutor.runWorker(ThreadPoolExecutor.java:1136)
	java.base@17.0.19/java.util.concurrent.ThreadPoolExecutor$Worker.run(ThreadPoolExecutor.java:635)
	java.base@17.0.19/java.lang.Thread.run(Thread.java:840)

Thread name=Attach Listener id=5 priority=5 state=RUNNABLE isdaemon=true

Thread name=shuffle-server-7-7 id=3831 priority=5 state=TIMED_WAITING isdaemon=true
	java.base@17.0.19/java.lang.Thread.sleep(Native Method)
	app//io.netty.util.concurrent.SingleThreadEventExecutor.confirmShutdown(SingleThreadEventExecutor.java:836)
	app//io.netty.channel.SingleThreadIoEventLoop.run(SingleThreadIoEventLoop.java:183)
	app//io.netty.util.concurrent.SingleThreadEventExecutor$5.run(SingleThreadEventExecutor.java:1073)
	app//io.netty.util.internal.ThreadExecutorMap$2.run(ThreadExecutorMap.java:74)
	app//io.netty.util.concurrent.FastThreadLocalRunnable.run(FastThreadLocalRunnable.java:30)
	java.base@17.0.19/java.lang.Thread.run(Thread.java:840)

Thread name=shuffle-server-7-8 id=3832 priority=5 state=TIMED_WAITING isdaemon=true
	java.base@17.0.19/java.lang.Thread.sleep(Native Method)
	app//io.netty.util.concurrent.SingleThreadEventExecutor.confirmShutdown(SingleThreadEventExecutor.java:836)
	app//io.netty.channel.SingleThreadIoEventLoop.run(SingleThreadIoEventLoop.java:183)
	app//io.netty.util.concurrent.SingleThreadEventExecutor$5.run(SingleThreadEventExecutor.java:1073)
	app//io.netty.util.internal.ThreadExecutorMap$2.run(ThreadExecutorMap.java:74)
	app//io.netty.util.concurrent.FastThreadLocalRunnable.run(FastThreadLocalRunnable.java:30)
	java.base@17.0.19/java.lang.Thread.run(Thread.java:840)

Thread name=dispatcher-event-loop-1 id=48 priority=5 state=WAITING isdaemon=true
	java.base@17.0.19/jdk.internal.misc.Unsafe.park(Native Method)
	java.base@17.0.19/java.util.concurrent.locks.LockSupport.park(LockSupport.java:341)
	java.base@17.0.19/java.util.concurrent.locks.AbstractQueuedSynchronizer$ConditionNode.block(AbstractQueuedSynchronizer.java:506)
	java.base@17.0.19/java.util.concurrent.ForkJoinPool.unmanagedBlock(ForkJoinPool.java:3465)
	java.base@17.0.19/java.util.concurrent.ForkJoinPool.managedBlock(ForkJoinPool.java:3436)
	java.base@17.0.19/java.util.concurrent.locks.AbstractQueuedSynchronizer$ConditionObject.await(AbstractQueuedSynchronizer.java:1630)
	java.base@17.0.19/java.util.concurrent.LinkedBlockingQueue.take(LinkedBlockingQueue.java:435)
	app//org.apache.spark.rpc.netty.MessageLoop.org$apache$spark$rpc$netty$MessageLoop$$receiveLoop(MessageLoop.scala:70)
	app//org.apache.spark.rpc.netty.MessageLoop$$anon$1.run(MessageLoop.scala:42)
	java.base@17.0.19/java.util.concurrent.ThreadPoolExecutor.runWorker(ThreadPoolExecutor.java:1136)
	java.base@17.0.19/java.util.concurrent.ThreadPoolExecutor$Worker.run(ThreadPoolExecutor.java:635)
	java.base@17.0.19/java.lang.Thread.run(Thread.java:840)

Thread name=RMI Scheduler(0) id=21 priority=5 state=TIMED_WAITING isdaemon=true
	java.base@17.0.19/jdk.internal.misc.Unsafe.park(Native Method)
	java.base@17.0.19/java.util.concurrent.locks.LockSupport.parkNanos(LockSupport.java:252)
	java.base@17.0.19/java.util.concurrent.locks.AbstractQueuedSynchronizer$ConditionObject.awaitNanos(AbstractQueuedSynchronizer.java:1679)
	java.base@17.0.19/java.util.concurrent.ScheduledThreadPoolExecutor$DelayedWorkQueue.take(ScheduledThreadPoolExecutor.java:1182)
	java.base@17.0.19/java.util.concurrent.ScheduledThreadPoolExecutor$DelayedWorkQueue.take(ScheduledThreadPoolExecutor.java:899)
	java.base@17.0.19/java.util.concurrent.ThreadPoolExecutor.getTask(ThreadPoolExecutor.java:1062)
	java.base@17.0.19/java.util.concurrent.ThreadPoolExecutor.runWorker(ThreadPoolExecutor.java:1122)
	java.base@17.0.19/java.util.concurrent.ThreadPoolExecutor$Worker.run(ThreadPoolExecutor.java:635)
	java.base@17.0.19/java.lang.Thread.run(Thread.java:840)

Thread name=shuffle-client-5-6 id=3838 priority=5 state=TIMED_WAITING isdaemon=true
	java.base@17.0.19/java.lang.Thread.sleep(Native Method)
	app//io.netty.util.concurrent.SingleThreadEventExecutor.confirmShutdown(SingleThreadEventExecutor.java:836)
	app//io.netty.channel.SingleThreadIoEventLoop.run(SingleThreadIoEventLoop.java:183)
	app//io.netty.util.concurrent.SingleThreadEventExecutor$5.run(SingleThreadEventExecutor.java:1073)
	app//io.netty.util.internal.ThreadExecutorMap$2.run(ThreadExecutorMap.java:74)
	app//io.netty.util.concurrent.FastThreadLocalRunnable.run(FastThreadLocalRunnable.java:30)
	java.base@17.0.19/java.lang.Thread.run(Thread.java:840)

Thread name=shuffle-server-7-2 id=3826 priority=5 state=TIMED_WAITING isdaemon=true
	java.base@17.0.19/java.lang.Thread.sleep(Native Method)
	app//io.netty.util.concurrent.SingleThreadEventExecutor.confirmShutdown(SingleThreadEventExecutor.java:836)
	app//io.netty.channel.SingleThreadIoEventLoop.run(SingleThreadIoEventLoop.java:183)
	app//io.netty.util.concurrent.SingleThreadEventExecutor$5.run(SingleThreadEventExecutor.java:1073)
	app//io.netty.util.internal.ThreadExecutorMap$2.run(ThreadExecutorMap.java:74)
	app//io.netty.util.concurrent.FastThreadLocalRunnable.run(FastThreadLocalRunnable.java:30)
	java.base@17.0.19/java.lang.Thread.run(Thread.java:840)

Thread name=shuffle-client-5-1 id=3833 priority=5 state=TIMED_WAITING isdaemon=true
	java.base@17.0.19/java.lang.Thread.sleep(Native Method)
	app//io.netty.util.concurrent.SingleThreadEventExecutor.confirmShutdown(SingleThreadEventExecutor.java:836)
	app//io.netty.channel.SingleThreadIoEventLoop.run(SingleThreadIoEventLoop.java:183)
	app//io.netty.util.concurrent.SingleThreadEventExecutor$5.run(SingleThreadEventExecutor.java:1073)
	app//io.netty.util.internal.ThreadExecutorMap$2.run(ThreadExecutorMap.java:74)
	app//io.netty.util.concurrent.FastThreadLocalRunnable.run(FastThreadLocalRunnable.java:30)
	java.base@17.0.19/java.lang.Thread.run(Thread.java:840)


---------------

Cleanup action completed
